Component: ARM Compiler 5.06 update 5 (build 528) Tool: armlink [4d35e2]

==============================================================================

Section Cross References

    startup_stm32g431xx.o(STACK) refers (Special) to heapauxi.o(.text) for __use_two_region_memory
    startup_stm32g431xx.o(HEAP) refers (Special) to heapauxi.o(.text) for __use_two_region_memory
    startup_stm32g431xx.o(RESET) refers (Special) to heapauxi.o(.text) for __use_two_region_memory
    startup_stm32g431xx.o(RESET) refers to startup_stm32g431xx.o(STACK) for __initial_sp
    startup_stm32g431xx.o(RESET) refers to startup_stm32g431xx.o(.text) for Reset_Handler
    startup_stm32g431xx.o(RESET) refers to stm32g4xx_it.o(i.NMI_Handler) for NMI_Handler
    startup_stm32g431xx.o(RESET) refers to stm32g4xx_it.o(i.HardFault_Handler) for HardFault_Handler
    startup_stm32g431xx.o(RESET) refers to stm32g4xx_it.o(i.MemManage_Handler) for MemManage_Handler
    startup_stm32g431xx.o(RESET) refers to stm32g4xx_it.o(i.BusFault_Handler) for BusFault_Handler
    startup_stm32g431xx.o(RESET) refers to stm32g4xx_it.o(i.UsageFault_Handler) for UsageFault_Handler
    startup_stm32g431xx.o(RESET) refers to port.o(.emb_text) for SVC_Handler
    startup_stm32g431xx.o(RESET) refers to stm32g4xx_it.o(i.DebugMon_Handler) for DebugMon_Handler
    startup_stm32g431xx.o(RESET) refers to stm32g4xx_it.o(i.SysTick_Handler) for SysTick_Handler
    startup_stm32g431xx.o(RESET) refers to stm32g4xx_it.o(i.PVD_PVM_IRQHandler) for PVD_PVM_IRQHandler
    startup_stm32g431xx.o(RESET) refers to stm32g4xx_it.o(i.DMA1_Channel1_IRQHandler) for DMA1_Channel1_IRQHandler
    startup_stm32g431xx.o(RESET) refers to stm32g4xx_it.o(i.TIM2_IRQHandler) for TIM2_IRQHandler
    startup_stm32g431xx.o(RESET) refers to stm32g4xx_it.o(i.USART1_IRQHandler) for USART1_IRQHandler
    startup_stm32g431xx.o(RESET) refers to stm32g4xx_it.o(i.TIM6_DAC_IRQHandler) for TIM6_DAC_IRQHandler
    startup_stm32g431xx.o(RESET) refers to stm32g4xx_it.o(i.TIM7_IRQHandler) for TIM7_IRQHandler
    startup_stm32g431xx.o(.text) refers (Special) to heapauxi.o(.text) for __use_two_region_memory
    startup_stm32g431xx.o(.text) refers to system_stm32g4xx.o(i.SystemInit) for SystemInit
    startup_stm32g431xx.o(.text) refers to __main.o(!!!main) for __main
    startup_stm32g431xx.o(.text) refers to startup_stm32g431xx.o(HEAP) for Heap_Mem
    startup_stm32g431xx.o(.text) refers to startup_stm32g431xx.o(STACK) for Stack_Mem
    main.o(i.SystemClock_Config) refers to rt_memclr_w.o(.text) for __aeabi_memclr4
    main.o(i.SystemClock_Config) refers to stm32g4xx_hal_pwr_ex.o(i.HAL_PWREx_ControlVoltageScaling) for HAL_PWREx_ControlVoltageScaling
    main.o(i.SystemClock_Config) refers to stm32g4xx_hal_rcc.o(i.HAL_RCC_OscConfig) for HAL_RCC_OscConfig
    main.o(i.SystemClock_Config) refers to stm32g4xx_hal_rcc.o(i.HAL_RCC_ClockConfig) for HAL_RCC_ClockConfig
    main.o(i.main) refers to stm32g4xx_hal.o(i.HAL_Init) for HAL_Init
    main.o(i.main) refers to main.o(i.SystemClock_Config) for SystemClock_Config
    main.o(i.main) refers to gpio.o(i.MX_GPIO_Init) for MX_GPIO_Init
    main.o(i.main) refers to dma.o(i.MX_DMA_Init) for MX_DMA_Init
    main.o(i.main) refers to usart.o(i.MX_USART1_UART_Init) for MX_USART1_UART_Init
    main.o(i.main) refers to tim.o(i.MX_TIM2_Init) for MX_TIM2_Init
    main.o(i.main) refers to tim.o(i.MX_TIM6_Init) for MX_TIM6_Init
    main.o(i.main) refers to tim.o(i.MX_TIM7_Init) for MX_TIM7_Init
    main.o(i.main) refers to elog.o(i.elog_init) for elog_init
    main.o(i.main) refers to elog.o(i.elog_set_fmt) for elog_set_fmt
    main.o(i.main) refers to elog.o(i.elog_start) for elog_start
    main.o(i.main) refers to bsp_led.o(i.Led_Init) for Led_Init
    main.o(i.main) refers to stm32g4xx_hal_gpio.o(i.HAL_GPIO_WritePin) for HAL_GPIO_WritePin
    main.o(i.main) refers to cmsis_os2.o(i.osKernelInitialize) for osKernelInitialize
    main.o(i.main) refers to app_freertos.o(i.MX_FREERTOS_Init) for MX_FREERTOS_Init
    main.o(i.main) refers to cmsis_os2.o(i.osKernelStart) for osKernelStart
    main.o(i.main) refers to bsp_led.o(.data) for my_led
    gpio.o(i.MX_GPIO_Init) refers to rt_memclr_w.o(.text) for __aeabi_memclr4
    gpio.o(i.MX_GPIO_Init) refers to stm32g4xx_hal_gpio.o(i.HAL_GPIO_WritePin) for HAL_GPIO_WritePin
    gpio.o(i.MX_GPIO_Init) refers to stm32g4xx_hal_gpio.o(i.HAL_GPIO_Init) for HAL_GPIO_Init
    app_freertos.o(i.MX_FREERTOS_Init) refers to screen_task.o(i.Screen_Task_Init) for Screen_Task_Init
    app_freertos.o(i.MX_FREERTOS_Init) refers to pwm_task.o(i.Pwm_Task_Init) for Pwm_Task_Init
    app_freertos.o(i.MX_FREERTOS_Init) refers to key_task.o(i.Key_Task_Init) for Key_Task_Init
    app_freertos.o(i.MX_FREERTOS_Init) refers to serial_task.o(i.Serial_Task_Init) for Serial_Task_Init
    app_freertos.o(i.MX_FREERTOS_Init) refers to cmsis_os2.o(i.osThreadNew) for osThreadNew
    app_freertos.o(i.MX_FREERTOS_Init) refers to app_freertos.o(.constdata) for .constdata
[...]
    _printf_truncate_signed                  0x08000d93   Thumb Code    18  _printf_truncate.o(.text)
    _printf_truncate_unsigned                0x08000da5   Thumb Code    18  _printf_truncate.o(.text)
    _printf_int_common                       0x08000db7   Thumb Code   178  _printf_intcommon.o(.text)
    _printf_charcount                        0x08000e69   Thumb Code    40  _printf_charcount.o(.text)
    _printf_char_common                      0x08000e9b   Thumb Code    32  _printf_char_common.o(.text)
    _sputc                                   0x08000ec1   Thumb Code    10  _sputc.o(.text)
    _snputc                                  0x08000ecb   Thumb Code    16  _snputc.o(.text)
    _printf_cs_common                        0x08000edb   Thumb Code    20  _printf_char.o(.text)
    _printf_char                             0x08000eef   Thumb Code    16  _printf_char.o(.text)
    _printf_string                           0x08000eff   Thumb Code     8  _printf_char.o(.text)
    _printf_wctomb                           0x08000f09   Thumb Code   182  _printf_wctomb.o(.text)
    _printf_longlong_dec                     0x08000fc5   Thumb Code   108  _printf_longlong_dec.o(.text)
    _printf_longlong_oct                     0x08001041   Thumb Code    66  _printf_oct_int_ll.o(.text)
    _printf_int_oct                          0x08001083   Thumb Code    24  _printf_oct_int_ll.o(.text)
    _printf_ll_oct                           0x0800109b   Thumb Code    12  _printf_oct_int_ll.o(.text)
    __vfscanf_char                           0x080010bd   Thumb Code    24  scanf_char.o(.text)
    _sgetc                                   0x080010dd   Thumb Code    30  _sgetc.o(.text)
    _sbackspace                              0x080010fb   Thumb Code    34  _sgetc.o(.text)
    _ll_udiv10                               0x0800111d   Thumb Code   138  lludiv10.o(.text)
    isspace                                  0x080011a7   Thumb Code    18  isspace.o(.text)
    __lib_sel_fp_printf                      0x080011b9   Thumb Code     2  _printf_fp_dec.o(.text)
    _printf_fp_dec_real                      0x0800136b   Thumb Code   620  _printf_fp_dec.o(.text)
    _printf_fp_hex_real                      0x080015d9   Thumb Code   756  _printf_fp_hex.o(.text)
    _printf_lcs_common                       0x080018d5   Thumb Code    20  _printf_wchar.o(.text)
    _printf_wchar                            0x080018e9   Thumb Code    16  _printf_wchar.o(.text)
    _printf_wstring                          0x080018f9   Thumb Code     8  _printf_wchar.o(.text)
    __vfscanf                                0x08001901   Thumb Code   878  _scanf.o(.text)
    _wcrtomb                                 0x08001c75   Thumb Code    64  _wcrtomb.o(.text)
    __user_setup_stackheap                   0x08001cb5   Thumb Code    74  sys_stackheap_outer.o(.text)
    __rt_ctype_table                         0x08001d01   Thumb Code    16  rt_ctype_table.o(.text)
    __rt_locale                              0x08001d11   Thumb Code     8  rt_locale_intlibspace.o(.text)
    _printf_fp_infnan                        0x08001d19   Thumb Code   112  _printf_fp_infnan.o(.text)
    _btod_etento                             0x08001d99   Thumb Code   224  bigflt0.o(.text)
    exit                                     0x08001e7d   Thumb Code    18  exit.o(.text)
    __user_libspace                          0x08001e91   Thumb Code     8  libspace.o(.text)
    __user_perproc_libspace                  0x08001e91   Thumb Code     0  libspace.o(.text)
    __user_perthread_libspace                0x08001e91   Thumb Code     0  libspace.o(.text)
    _sys_exit                                0x08001e99   Thumb Code     8  sys_exit.o(.text)
    __I$use$semihosting                      0x08001ea5   Thumb Code     0  use_no_semi.o(.text)
    __use_no_semihosting_swi                 0x08001ea5   Thumb Code     2  use_no_semi.o(.text)
    __semihosting_library_function           0x08001ea7   Thumb Code     0  indicate_semi.o(.text)
    _btod_d2e                                0x08001ea7   Thumb Code    62  btod.o(CL$$btod_d2e)
    _d2e_denorm_low                          0x08001ee5   Thumb Code    70  btod.o(CL$$btod_d2e_denorm_low)
    _d2e_norm_op1                            0x08001f2b   Thumb Code    96  btod.o(CL$$btod_d2e_norm_op1)
    __btod_div_common                        0x08001f8b   Thumb Code   696  btod.o(CL$$btod_div_common)
    _e2e                                     0x080022c3   Thumb Code   220  btod.o(CL$$btod_e2e)
    _btod_ediv                               0x0800239f   Thumb Code    42  btod.o(CL$$btod_ediv)
    _btod_emul                               0x080023c9   Thumb Code    42  btod.o(CL$$btod_emul)
    __btod_mult_common                       0x080023f3   Thumb Code   580  btod.o(CL$$btod_mult_common)
    BusFault_Handler                         0x08002637   Thumb Code     2  stm32g4xx_it.o(i.BusFault_Handler)
    DMA1_Channel1_IRQHandler                 0x08002639   Thumb Code     6  stm32g4xx_it.o(i.DMA1_Channel1_IRQHandler)
    DebugMon_Handler                         0x080026f3   Thumb Code     2  stm32g4xx_it.o(i.DebugMon_Handler)
    Delay_LCD                                0x080026f5   Thumb Code    28  lcd.o(i.Delay_LCD)
    Error_Handler                            0x08002711   Thumb Code     4  main.o(i.Error_Handler)
    HAL_DMA_Abort                            0x08002715   Thumb Code   112  stm32g4xx_hal_dma.o(i.HAL_DMA_Abort)
    HAL_DMA_Abort_IT                         0x08002785   Thumb Code   120  stm32g4xx_hal_dma.o(i.HAL_DMA_Abort_IT)
    HAL_DMA_IRQHandler                       0x080027fd   Thumb Code   186  stm32g4xx_hal_dma.o(i.HAL_DMA_IRQHandler)
    HAL_DMA_Init                             0x080028b9   Thumb Code   182  stm32g4xx_hal_dma.o(i.HAL_DMA_Init)
    HAL_DMA_Start_IT                         0x0800297d   Thumb Code   140  stm32g4xx_hal_dma.o(i.HAL_DMA_Start_IT)
    HAL_Delay                                0x08002a09   Thumb Code    32  stm32g4xx_hal.o(i.HAL_Delay)
    HAL_GPIO_Init                            0x08002a2d   Thumb Code   532  stm32g4xx_hal_gpio.o(i.HAL_GPIO_Init)
    HAL_GPIO_ReadPin                         0x08002c61   Thumb Code    10  stm32g4xx_hal_gpio.o(i.HAL_GPIO_ReadPin)
    HAL_GPIO_WritePin                        0x08002c6b   Thumb Code    10  stm32g4xx_hal_gpio.o(i.HAL_GPIO_WritePin)
    HAL_GetTick                              0x08002c75   Thumb Code     6  stm32g4xx_hal.o(i.HAL_GetTick)
    HAL_IncTick                              0x08002c81   Thumb Code    12  stm32g4xx_hal.o(i.HAL_IncTick)
    HAL_Init                                 0x08002c91   Thumb Code    30  stm32g4xx_hal.o(i.HAL_Init)
    HAL_InitTick                             0x08002cb1   Thumb Code    58  stm32g4xx_hal.o(i.HAL_InitTick)
    HAL_MspInit                              0x08002cf5   Thumb Code    70  stm32g4xx_hal_msp.o(i.HAL_MspInit)
    HAL_NVIC_EnableIRQ                       0x08002d41   Thumb Code    26  stm32g4xx_hal_cortex.o(i.HAL_NVIC_EnableIRQ)
    HAL_NVIC_SetPriority                     0x08002d5d   Thumb Code    60  stm32g4xx_hal_cortex.o(i.HAL_NVIC_SetPriority)
    HAL_NVIC_SetPriorityGrouping             0x08002d9d   Thumb Code    26  stm32g4xx_hal_cortex.o(i.HAL_NVIC_SetPriorityGrouping)
    HAL_PWREx_ControlVoltageScaling          0x08002dc1   Thumb Code   174  stm32g4xx_hal_pwr_ex.o(i.HAL_PWREx_ControlVoltageScaling)
    HAL_PWREx_DisableUCPDDeadBattery         0x08002e7d   Thumb Code    12  stm32g4xx_hal_pwr_ex.o(i.HAL_PWREx_DisableUCPDDeadBattery)
    HAL_PWREx_PVD_PVM_IRQHandler             0x08002e8d   Thumb Code    82  stm32g4xx_hal_pwr_ex.o(i.HAL_PWREx_PVD_PVM_IRQHandler)
    HAL_PWREx_PVM1Callback                   0x08002ee5   Thumb Code     2  stm32g4xx_hal_pwr_ex.o(i.HAL_PWREx_PVM1Callback)
    HAL_PWREx_PVM2Callback                   0x08002ee7   Thumb Code     2  stm32g4xx_hal_pwr_ex.o(i.HAL_PWREx_PVM2Callback)
    HAL_PWREx_PVM3Callback                   0x08002ee9   Thumb Code     2  stm32g4xx_hal_pwr_ex.o(i.HAL_PWREx_PVM3Callback)
    HAL_PWREx_PVM4Callback                   0x08002eeb   Thumb Code     2  stm32g4xx_hal_pwr_ex.o(i.HAL_PWREx_PVM4Callback)
    HAL_PWR_PVDCallback                      0x08002eed   Thumb Code     2  stm32g4xx_hal_pwr.o(i.HAL_PWR_PVDCallback)
    HAL_RCCEx_PeriphCLKConfig                0x08002ef1   Thumb Code   638  stm32g4xx_hal_rcc_ex.o(i.HAL_RCCEx_PeriphCLKConfig)
    HAL_RCC_ClockConfig                      0x08003179   Thumb Code   444  stm32g4xx_hal_rcc.o(i.HAL_RCC_ClockConfig)
    HAL_RCC_GetPCLK1Freq                     0x08003355   Thumb Code    24  stm32g4xx_hal_rcc.o(i.HAL_RCC_GetPCLK1Freq)
    HAL_RCC_GetPCLK2Freq                     0x08003379   Thumb Code    24  stm32g4xx_hal_rcc.o(i.HAL_RCC_GetPCLK2Freq)
    HAL_RCC_GetSysClockFreq                  0x0800339d   Thumb Code    98  stm32g4xx_hal_rcc.o(i.HAL_RCC_GetSysClockFreq)
    HAL_RCC_OscConfig                        0x08003409   Thumb Code  1028  stm32g4xx_hal_rcc.o(i.HAL_RCC_OscConfig)
    HAL_SYSTICK_Config                       0x0800380d   Thumb Code    40  stm32g4xx_hal_cortex.o(i.HAL_SYSTICK_Config)
    HAL_TIMEx_Break2Callback                 0x08003835   Thumb Code     2  stm32g4xx_hal_tim_ex.o(i.HAL_TIMEx_Break2Callback)
    HAL_TIMEx_BreakCallback                  0x08003837   Thumb Code     2  stm32g4xx_hal_tim_ex.o(i.HAL_TIMEx_BreakCallback)
    HAL_TIMEx_CommutCallback                 0x08003839   Thumb Code     2  stm32g4xx_hal_tim_ex.o(i.HAL_TIMEx_CommutCallback)
    HAL_TIMEx_DirectionChangeCallback        0x0800383b   Thumb Code     2  stm32g4xx_hal_tim_ex.o(i.HAL_TIMEx_DirectionChangeCallback)
    HAL_TIMEx_EncoderIndexCallback           0x0800383d   Thumb Code     2  stm32g4xx_hal_tim_ex.o(i.HAL_TIMEx_EncoderIndexCallback)
    HAL_TIMEx_IndexErrorCallback             0x0800383f   Thumb Code     2  stm32g4xx_hal_tim_ex.o(i.HAL_TIMEx_IndexErrorCallback)
    HAL_TIMEx_MasterConfigSynchronization    0x08003841   Thumb Code   132  stm32g4xx_hal_tim_ex.o(i.HAL_TIMEx_MasterConfigSynchronization)
    HAL_TIMEx_TransitionErrorCallback        0x080038dd   Thumb Code     2  stm32g4xx_hal_tim_ex.o(i.HAL_TIMEx_TransitionErrorCallback)
    HAL_TIM_Base_Init                        0x080038df   Thumb Code    98  stm32g4xx_hal_tim.o(i.HAL_TIM_Base_Init)
    HAL_TIM_Base_MspInit                     0x08003941   Thumb Code   122  tim.o(i.HAL_TIM_Base_MspInit)
    HAL_TIM_Base_Start_IT                    0x080039c9   Thumb Code    94  stm32g4xx_hal_tim.o(i.HAL_TIM_Base_Start_IT)
    HAL_TIM_ConfigClockSource                0x08003a41   Thumb Code   246  stm32g4xx_hal_tim.o(i.HAL_TIM_ConfigClockSource)
    HAL_TIM_IC_CaptureCallback               0x08003b41   Thumb Code     2  stm32g4xx_hal_tim.o(i.HAL_TIM_IC_CaptureCallback)
    HAL_TIM_IRQHandler                       0x08003b43   Thumb Code   418  stm32g4xx_hal_tim.o(i.HAL_TIM_IRQHandler)
    HAL_TIM_MspPostInit                      0x08003ce5   Thumb Code    70  tim.o(i.HAL_TIM_MspPostInit)
    HAL_TIM_OC_DelayElapsedCallback          0x08003d31   Thumb Code     2  stm32g4xx_hal_tim.o(i.HAL_TIM_OC_DelayElapsedCallback)
    HAL_TIM_PWM_ConfigChannel                0x08003d33   Thumb Code   292  stm32g4xx_hal_tim.o(i.HAL_TIM_PWM_ConfigChannel)
    HAL_TIM_PWM_Init                         0x08003e57   Thumb Code    98  stm32g4xx_hal_tim.o(i.HAL_TIM_PWM_Init)
    HAL_TIM_PWM_MspInit                      0x08003eb9   Thumb Code     2  stm32g4xx_hal_tim.o(i.HAL_TIM_PWM_MspInit)
    HAL_TIM_PWM_PulseFinishedCallback        0x08003ebb   Thumb Code     2  stm32g4xx_hal_tim.o(i.HAL_TIM_PWM_PulseFinishedCallback)
    HAL_TIM_PWM_Start                        0x08003ebd   Thumb Code   218  stm32g4xx_hal_tim.o(i.HAL_TIM_PWM_Start)
    HAL_TIM_PeriodElapsedCallback            0x08003fb9   Thumb Code    78  tim.o(i.HAL_TIM_PeriodElapsedCallback)
    HAL_TIM_TriggerCallback                  0x0800401d   Thumb Code     2  stm32g4xx_hal_tim.o(i.HAL_TIM_TriggerCallback)
    HAL_UARTEx_DisableFifoMode               0x0800401f   Thumb Code    62  stm32g4xx_hal_uart_ex.o(i.HAL_UARTEx_DisableFifoMode)
    HAL_UARTEx_ReceiveToIdle_DMA             0x0800405d   Thumb Code    74  stm32g4xx_hal_uart_ex.o(i.HAL_UARTEx_ReceiveToIdle_DMA)
    HAL_UARTEx_RxEventCallback               0x080040a9   Thumb Code    64  usart.o(i.HAL_UARTEx_RxEventCallback)
    HAL_UARTEx_RxFifoFullCallback            0x080040f9   Thumb Code     2  stm32g4xx_hal_uart_ex.o(i.HAL_UARTEx_RxFifoFullCallback)
    HAL_UARTEx_SetRxFifoThreshold            0x080040fb   Thumb Code    76  stm32g4xx_hal_uart_ex.o(i.HAL_UARTEx_SetRxFifoThreshold)
    HAL_UARTEx_SetTxFifoThreshold            0x08004147   Thumb Code    76  stm32g4xx_hal_uart_ex.o(i.HAL_UARTEx_SetTxFifoThreshold)
    HAL_UARTEx_TxFifoEmptyCallback           0x08004193   Thumb Code     2  stm32g4xx_hal_uart_ex.o(i.HAL_UARTEx_TxFifoEmptyCallback)
    HAL_UARTEx_WakeupCallback                0x08004195   Thumb Code     2  stm32g4xx_hal_uart_ex.o(i.HAL_UARTEx_WakeupCallback)
    HAL_UART_ErrorCallback                   0x08004197   Thumb Code     2  stm32g4xx_hal_uart.o(i.HAL_UART_ErrorCallback)
    HAL_UART_IRQHandler                      0x08004199   Thumb Code   782  stm32g4xx_hal_uart.o(i.HAL_UART_IRQHandler)
    HAL_UART_Init                            0x080044b5   Thumb Code   106  stm32g4xx_hal_uart.o(i.HAL_UART_Init)
    HAL_UART_MspInit                         0x08004521   Thumb Code   176  usart.o(i.HAL_UART_MspInit)
    HAL_UART_RxCpltCallback                  0x080045e1   Thumb Code     2  stm32g4xx_hal_uart.o(i.HAL_UART_RxCpltCallback)
    HAL_UART_RxHalfCpltCallback              0x080045e3   Thumb Code     2  stm32g4xx_hal_uart.o(i.HAL_UART_RxHalfCpltCallback)
    HAL_UART_Transmit                        0x080045e5   Thumb Code   182  stm32g4xx_hal_uart.o(i.HAL_UART_Transmit)
    HAL_UART_TxCpltCallback                  0x0800469b   Thumb Code     2  usart.o(i.HAL_UART_TxCpltCallback)
    HardFault_Handler                        0x0800469d   Thumb Code     2  stm32g4xx_it.o(i.HardFault_Handler)
    Key_Init                                 0x080046a1   Thumb Code     6  bsp_key.o(i.Key_Init)
    Key_Scan                                 0x080046ad   Thumb Code   200  bsp_key.o(i.Key_Scan)
    Key_Task_Init                            0x08004775   Thumb Code     4  key_task.o(i.Key_Task_Init)
    LCD_BusIn                                0x08004779   Thumb Code    40  lcd.o(i.LCD_BusIn)
    LCD_BusOut                               0x080047a5   Thumb Code    42  lcd.o(i.LCD_BusOut)
    LCD_Clear                                0x080047d5   Thumb Code    36  lcd.o(i.LCD_Clear)
    LCD_CtrlLinesConfig                      0x080047f9   Thumb Code   134  lcd.o(i.LCD_CtrlLinesConfig)
    LCD_DisplayChar                          0x08004889   Thumb Code    18  lcd.o(i.LCD_DisplayChar)
    LCD_DisplayStringLine                    0x080048a1   Thumb Code    42  lcd.o(i.LCD_DisplayStringLine)
    LCD_DrawChar                             0x080048cd   Thumb Code    84  lcd.o(i.LCD_DrawChar)
    LCD_Init                                 0x08004925   Thumb Code    46  lcd.o(i.LCD_Init)
    LCD_ReadReg                              0x08004959   Thumb Code   120  lcd.o(i.LCD_ReadReg)
    LCD_SetBackColor                         0x080049d9   Thumb Code    12  lcd.o(i.LCD_SetBackColor)
    LCD_SetCursor                            0x080049e9   Thumb Code    24  lcd.o(i.LCD_SetCursor)
    LCD_SetTextColor                         0x08004a01   Thumb Code    12  lcd.o(i.LCD_SetTextColor)
    LCD_WriteRAM                             0x08004a11   Thumb Code    80  lcd.o(i.LCD_WriteRAM)
    LCD_WriteRAM_Prepare                     0x08004a69   Thumb Code    82  lcd.o(i.LCD_WriteRAM_Prepare)
    LCD_WriteReg                             0x08004ac5   Thumb Code   100  lcd.o(i.LCD_WriteReg)
    Led_Init                                 0x08004b31   Thumb Code    34  bsp_led.o(i.Led_Init)
    Led_Off                                  0x08004b53   Thumb Code    20  bsp_led.o(i.Led_Off)
    Led_On                                   0x08004b67   Thumb Code    20  bsp_led.o(i.Led_On)
    MX_DMA_Init                              0x08004b7d   Thumb Code    56  dma.o(i.MX_DMA_Init)
    MX_FREERTOS_Init                         0x08004bb9   Thumb Code    34  app_freertos.o(i.MX_FREERTOS_Init)
    MX_GPIO_Init                             0x08004be9   Thumb Code   194  gpio.o(i.MX_GPIO_Init)
    MX_TIM2_Init                             0x08004cbd   Thumb Code   148  tim.o(i.MX_TIM2_Init)
    MX_TIM6_Init                             0x08004d55   Thumb Code    62  tim.o(i.MX_TIM6_Init)
    MX_TIM7_Init                             0x08004d9d   Thumb Code    62  tim.o(i.MX_TIM7_Init)
    MX_USART1_UART_Init                      0x08004de5   Thumb Code    94  usart.o(i.MX_USART1_UART_Init)
    MemManage_Handler                        0x08004e4d   Thumb Code     2  stm32g4xx_it.o(i.MemManage_Handler)
    NMI_Handler                              0x08004e4f   Thumb Code     2  stm32g4xx_it.o(i.NMI_Handler)
    PVD_PVM_IRQHandler                       0x08004e51   Thumb Code     4  stm32g4xx_it.o(i.PVD_PVM_IRQHandler)
    Password_init                            0x08004e55   Thumb Code    76  screen_task.o(i.Password_init)
    Pwm_Task_Init                            0x08004ed5   Thumb Code     8  pwm_task.o(i.Pwm_Task_Init)
    REG_8230_Init                            0x08004ee1   Thumb Code   274  lcd.o(i.REG_8230_Init)
    REG_932X_Init                            0x08004ff3   Thumb Code   514  lcd.o(i.REG_932X_Init)
    Screen_Task                              0x080051f5   Thumb Code   830  screen_task.o(i.Screen_Task)
    Screen_Task_Init                         0x08005699   Thumb Code    72  screen_task.o(i.Screen_Task_Init)
    Serial_Task_Init                         0x08005729   Thumb Code     4  serial_task.o(i.Serial_Task_Init)
    Set_Pwm                                  0x0800572d   Thumb Code    60  screen_task.o(i.Set_Pwm)
    StartDefaultTask                         0x080057ad   Thumb Code     8  app_freertos.o(i.StartDefaultTask)
    SysTick_Handler                          0x080057b5   Thumb Code    24  stm32g4xx_it.o(i.SysTick_Handler)
    SystemClock_Config                       0x080057cd   Thumb Code   104  main.o(i.SystemClock_Config)
    SystemInit                               0x08005835   Thumb Code    12  system_stm32g4xx.o(i.SystemInit)
    TIM2_IRQHandler                          0x08005845   Thumb Code     6  stm32g4xx_it.o(i.TIM2_IRQHandler)
    TIM6_DAC_IRQHandler                      0x08005851   Thumb Code     6  stm32g4xx_it.o(i.TIM6_DAC_IRQHandler)
    TIM7_IRQHandler                          0x0800585d   Thumb Code     6  stm32g4xx_it.o(i.TIM7_IRQHandler)
    TIM_Base_SetConfig                       0x08005869   Thumb Code   154  stm32g4xx_hal_tim.o(i.TIM_Base_SetConfig)
    TIM_CCxChannelCmd                        0x08005921   Thumb Code    26  stm32g4xx_hal_tim.o(i.TIM_CCxChannelCmd)
    TIM_ETR_SetConfig                        0x0800593b   Thumb Code    20  stm32g4xx_hal_tim.o(i.TIM_ETR_SetConfig)
    TIM_OC2_SetConfig                        0x08005a09   Thumb Code   124  stm32g4xx_hal_tim.o(i.TIM_OC2_SetConfig)
    UART_AdvFeatureConfig                    0x08005d85   Thumb Code   200  stm32g4xx_hal_uart.o(i.UART_AdvFeatureConfig)
    UART_CheckIdleState                      0x08005e4d   Thumb Code   172  stm32g4xx_hal_uart.o(i.UART_CheckIdleState)
    UART_SetConfig                           0x080060a9   Thumb Code   582  stm32g4xx_hal_uart.o(i.UART_SetConfig)
    UART_Start_Receive_DMA                   0x0800631d   Thumb Code   156  stm32g4xx_hal_uart.o(i.UART_Start_Receive_DMA)
    UART_WaitOnFlagUntilTimeout              0x080063c5   Thumb Code   148  stm32g4xx_hal_uart.o(i.UART_WaitOnFlagUntilTimeout)
    USART1_IRQHandler                        0x08006459   Thumb Code     6  stm32g4xx_it.o(i.USART1_IRQHandler)
    Uart_Init                                0x08006465   Thumb Code    12  bsp_uart.o(i.Uart_Init)
    UsageFault_Handler                       0x08006479   Thumb Code     2  stm32g4xx_it.o(i.UsageFault_Handler)
    __ARM_fpclassify                         0x0800647b   Thumb Code    48  fpclassify.o(i.__ARM_fpclassify)
    _is_digit                                0x080064cb   Thumb Code    14  __printf_wp.o(i._is_digit)
    elog_get_filter_tag_lvl                  0x080064d9   Thumb Code   134  elog.o(i.elog_get_filter_tag_lvl)
    elog_init                                0x080065d5   Thumb Code   100  elog.o(i.elog_init)
    elog_output                              0x0800663d   Thumb Code   770  elog.o(i.elog_output)
    elog_output_lock                         0x080069ed   Thumb Code    28  elog.o(i.elog_output_lock)
    elog_output_lock_enabled                 0x08006a0d   Thumb Code    40  elog.o(i.elog_output_lock_enabled)
    elog_output_unlock                       0x08006a39   Thumb Code    28  elog.o(i.elog_output_unlock)
    elog_port_get_p_info                     0x08006a59   Thumb Code     4  elog_port.o(i.elog_port_get_p_info)
    elog_port_get_t_info                     0x08006a61   Thumb Code     4  elog_port.o(i.elog_port_get_t_info)
    elog_port_get_time                       0x08006a69   Thumb Code    22  elog_port.o(i.elog_port_get_time)
    elog_port_init                           0x08006a89   Thumb Code     4  elog_port.o(i.elog_port_init)
    elog_port_output                         0x08006a8d   Thumb Code    14  elog_port.o(i.elog_port_output)
    elog_port_output_lock                    0x08006aa1   Thumb Code     4  elog_port.o(i.elog_port_output_lock)
    elog_port_output_unlock                  0x08006aa5   Thumb Code     4  elog_port.o(i.elog_port_output_unlock)
    elog_set_filter_lvl                      0x08006aa9   Thumb Code    64  elog.o(i.elog_set_filter_lvl)
    elog_set_fmt                             0x08006b65   Thumb Code    72  elog.o(i.elog_set_fmt)
    elog_start                               0x08006c29   Thumb Code    42  elog.o(i.elog_start)
    elog_strcpy                              0x08006cbd   Thumb Code   148  elog_utils.o(i.elog_strcpy)
    main                                     0x08006ea9   Thumb Code   122  main.o(i.main)
    osDelay                                  0x08006f2d   Thumb Code    26  cmsis_os2.o(i.osDelay)
    osKernelInitialize                       0x08006f49   Thumb Code    32  cmsis_os2.o(i.osKernelInitialize)
    osKernelStart                            0x08006f6d   Thumb Code    48  cmsis_os2.o(i.osKernelStart)
    osThreadNew                              0x08006fa5   Thumb Code   138  cmsis_os2.o(i.osThreadNew)
    pvPortMalloc                             0x080077c5   Thumb Code   216  heap_4.o(i.pvPortMalloc)
    pxPortInitialiseStack                    0x080078a1   Thumb Code    40  port.o(i.pxPortInitialiseStack)
    uxListRemove                             0x080078cd   Thumb Code    38  list.o(i.uxListRemove)
    vApplicationGetIdleTaskMemory            0x080078f5   Thumb Code    16  cmsis_os2.o(i.vApplicationGetIdleTaskMemory)
    vApplicationGetTimerTaskMemory           0x08007909   Thumb Code    18  cmsis_os2.o(i.vApplicationGetTimerTaskMemory)
    vListInitialise                          0x08007921   Thumb Code    22  list.o(i.vListInitialise)
    vListInitialiseItem                      0x08007937   Thumb Code     6  list.o(i.vListInitialiseItem)
    vListInsert                              0x0800793d   Thumb Code    48  list.o(i.vListInsert)
    vListInsertEnd                           0x0800796d   Thumb Code    24  list.o(i.vListInsertEnd)
    vPortEnterCritical                       0x08007985   Thumb Code    54  port.o(i.vPortEnterCritical)
    vPortExitCritical                        0x080079c5   Thumb Code    34  port.o(i.vPortExitCritical)
    vPortFree                                0x080079ed   Thumb Code    94  heap_4.o(i.vPortFree)
    vPortSetupTimerInterrupt                 0x08007a51   Thumb Code    32  port.o(i.vPortSetupTimerInterrupt)
    vPortValidateInterruptPriority           0x08007a75   Thumb Code    74  port.o(i.vPortValidateInterruptPriority)
    vQueueAddToRegistry                      0x08007ac9   Thumb Code    34  queue.o(i.vQueueAddToRegistry)
    vQueueWaitForMessageRestricted           0x08007af1   Thumb Code    68  queue.o(i.vQueueWaitForMessageRestricted)
    vTaskDelay                               0x08007b35   Thumb Code    66  tasks.o(i.vTaskDelay)
    vTaskInternalSetTimeOutState             0x08007b81   Thumb Code    12  tasks.o(i.vTaskInternalSetTimeOutState)
    vTaskMissedYield                         0x08007b91   Thumb Code     8  tasks.o(i.vTaskMissedYield)
    vTaskPlaceOnEventList                    0x08007b9d   Thumb Code    44  tasks.o(i.vTaskPlaceOnEventList)
    vTaskPlaceOnEventListRestricted          0x08007bcd   Thumb Code    52  tasks.o(i.vTaskPlaceOnEventListRestricted)
    vTaskStartScheduler                      0x08007c05   Thumb Code   118  tasks.o(i.vTaskStartScheduler)
    vTaskSuspendAll                          0x08007c8d   Thumb Code    10  tasks.o(i.vTaskSuspendAll)
    vTaskSwitchContext                       0x08007c9d   Thumb Code    90  tasks.o(i.vTaskSwitchContext)
    xPortStartScheduler                      0x08007d01   Thumb Code   222  port.o(i.xPortStartScheduler)
    xPortSysTickHandler                      0x08007df5   Thumb Code    38  port.o(i.xPortSysTickHandler)
    xQueueGenericCreateStatic                0x08007e21   Thumb Code   102  queue.o(i.xQueueGenericCreateStatic)
    xQueueGenericReset                       0x08007e89   Thumb Code   132  queue.o(i.xQueueGenericReset)
    xQueueGenericSend                        0x08007f11   Thumb Code   346  queue.o(i.xQueueGenericSend)
    xQueueGenericSendFromISR                 0x08008071   Thumb Code   190  queue.o(i.xQueueGenericSendFromISR)
    xQueueReceive                            0x08008131   Thumb Code   308  queue.o(i.xQueueReceive)
    xTaskCheckForTimeOut                     0x08008269   Thumb Code   112  tasks.o(i.xTaskCheckForTimeOut)
    xTaskCreate                              0x080082dd   Thumb Code    90  tasks.o(i.xTaskCreate)
    xTaskCreateStatic                        0x08008337   Thumb Code    86  tasks.o(i.xTaskCreateStatic)
    xTaskGetSchedulerState                   0x0800838d   Thumb Code    22  tasks.o(i.xTaskGetSchedulerState)
    xTaskGetTickCount                        0x080083a9   Thumb Code     6  tasks.o(i.xTaskGetTickCount)
    xTaskIncrementTick                       0x080083b5   Thumb Code   192  tasks.o(i.xTaskIncrementTick)
    xTaskPriorityDisinherit                  0x0800847d   Thumb Code   118  tasks.o(i.xTaskPriorityDisinherit)
    xTaskRemoveFromEventList                 0x080084fd   Thumb Code    98  tasks.o(i.xTaskRemoveFromEventList)
    xTaskResumeAll                           0x0800856d   Thumb Code   182  tasks.o(i.xTaskResumeAll)
    xTimerCreateTimerTask                    0x08008631   Thumb Code    78  timers.o(i.xTimerCreateTimerTask)
    xTimerGenericCommand                     0x08008691   Thumb Code    98  timers.o(i.xTimerGenericCommand)
    _get_lc_numeric                          0x080086f9   Thumb Code    44  lc_numeric_c.o(locale$$code)
    _get_lc_ctype                            0x08008725   Thumb Code    44  lc_ctype_c.o(locale$$code)
    _fp_init                                 0x08008751   Thumb Code    10  fpinit.o(x$fpl$fpinit)
    __fplib_config_fpu_vfp                   0x08008759   Thumb Code     0  fpinit.o(x$fpl$fpinit)
    __fplib_config_pureend_doubles           0x08008759   Thumb Code     0  fpinit.o(x$fpl$fpinit)
    _printf_fp_dec                           0x0800875b   Thumb Code     4  printf1.o(x$fpl$printf1)
    _printf_fp_hex                           0x0800875f   Thumb Code     4  printf2.o(x$fpl$printf2)
    __I$use$fp                               0x08008762   Number         0  usenofp.o(x$fpl$usenofp)
    defaultTask_attributes                   0x08008764   Data          36  app_freertos.o(.constdata)
    UARTPrescTable                           0x08008788   Data          24  stm32g4xx_hal_uart.o(.constdata)
    AHBPrescTable                            0x080087b0   Data          16  system_stm32g4xx.o(.constdata)
    APBPrescTable                            0x080087c0   Data           8  system_stm32g4xx.o(.constdata)
    ASCII_Table                              0x080087ee   Data        4560  lcd.o(.constdata)
    Region$$Table$$Base                      0x08009c14   Number         0  anon$$obj.o(Region$$Table)
    Region$$Table$$Limit                     0x08009c34   Number         0  anon$$obj.o(Region$$Table)
    __ctype                                  0x08009c5d   Data           0  lc_ctype_c.o(locale$$data)
    defaultTaskHandle                        0x20000000   Data           4  app_freertos.o(.data)
    pwm_count                                0x20000004   Data           2  tim.o(.data)
    led_count                                0x20000006   Data           2  tim.o(.data)
    rx_size                                  0x20000008   Data           1  usart.o(.data)
    f_rx_ready                               0x20000009   Data           1  usart.o(.data)
    uwTickPrio                               0x2000000c   Data           4  stm32g4xx_hal.o(.data)
    uwTickFreq                               0x20000010   Data           4  stm32g4xx_hal.o(.data)
    uwTick                                   0x20000014   Data           4  stm32g4xx_hal.o(.data)
    SystemCoreClock                          0x20000018   Data           4  system_stm32g4xx.o(.data)
    pxCurrentTCB                             0x2000001c   Data           4  tasks.o(.data)
    lcd_judge                                0x2000009c   Data           1  screen_task.o(.data)
    f_pwm                                    0x2000009d   Data           1  screen_task.o(.data)
    f_lcd_updata                             0x2000009e   Data           1  screen_task.o(.data)
    old_password                             0x2000009f   Data           4  screen_task.o(.data)
    current_password                         0x200000a3   Data           4  screen_task.o(.data)
    screen_task_handle                       0x200000a8   Data           4  screen_task.o(.data)
    dummy                                    0x200000b0   Data           2  lcd.o(.data)
    my_key                                   0x200000b4   Data         112  bsp_key.o(.data)
    my_led                                   0x20000124   Data          64  bsp_led.o(.data)
    elog_assert_hook                         0x20000164   Data           4  elog.o(.data)
    htim2                                    0x20000198   Data          76  tim.o(.bss)
    htim6                                    0x200001e4   Data          76  tim.o(.bss)
    htim7                                    0x20000230   Data          76  tim.o(.bss)
    rx_dma_buf                               0x2000027c   Data         256  usart.o(.bss)
    rx_buf                                   0x2000037c   Data         256  usart.o(.bss)
    huart1                                   0x2000047c   Data         148  usart.o(.bss)
    hdma_usart1_rx                           0x20000510   Data          96  usart.o(.bss)
    xQueueRegistry                           0x20000570   Data          64  queue.o(.bss)
    temp_arr                                 0x20003244   Data          20  screen_task.o(.bss)
    __libspace_start                         0x20003b60   Data          96  libspace.o(.bss)
    __temporary_stack_top$libspace           0x20003bc0   Data           0  libspace.o(.bss)



==============================================================================

Memory Map of the image

  Image Entry point : 0x080001d9

  Load Region LR_IROM1 (Base: 0x08000000, Size: 0x00009ef8, Max: 0x00020000, ABSOLUTE, COMPRESSED[0x00009dd0])

    Execution Region ER_IROM1 (Exec base: 0x08000000, Load base: 0x08000000, Size: 0x00009d60, Max: 0x00020000, ABSOLUTE)

    Exec Addr    Load Addr    Size         Type   Attr      Idx    E Section Name        Object

    0x08000000   0x08000000   0x000001d8   Data   RO            3    RESET               startup_stm32g431xx.o
    0x080001d8   0x080001d8   0x00000008   Code   RO         6692  * !!!main             c_w.l(__main.o)
    0x080001e0   0x080001e0   0x00000034   Code   RO         6978    !!!scatter          c_w.l(__scatter.o)
    0x08000214   0x08000214   0x0000005a   Code   RO         6976    !!dczerorl2         c_w.l(__dczerorl2.o)
    0x0800026e   0x0800026e   0x00000002   PAD
    0x08000270   0x08000270   0x0000001c   Code   RO         6980    !!handler_zi        c_w.l(__scatter_zi.o)
    0x0800028c   0x0800028c   0x00000000   Code   RO         6659    .ARM.Collect$$_printf_percent$$00000000  c_w.l(_printf_percent.o)
    0x0800028c   0x0800028c   0x00000006   Code   RO         6724    .ARM.Collect$$_printf_percent$$00000001  c_w.l(_printf_n.o)
    0x08000292   0x08000292   0x00000006   Code   RO         6725    .ARM.Collect$$_printf_percent$$00000002  c_w.l(_printf_p.o)
    0x08000298   0x08000298   0x00000006   Code   RO         6728    .ARM.Collect$$_printf_percent$$00000003  c_w.l(_printf_f.o)
    0x0800029e   0x0800029e   0x00000006   Code   RO         6729    .ARM.Collect$$_printf_percent$$00000004  c_w.l(_printf_e.o)
    0x080002a4   0x080002a4   0x00000006   Code   RO         6730    .ARM.Collect$$_printf_percent$$00000005  c_w.l(_printf_g.o)
    0x080002aa   0x080002aa   0x00000006   Code   RO         6731    .ARM.Collect$$_printf_percent$$00000006  c_w.l(_printf_a.o)
    0x080002b0   0x080002b0   0x0000000a   Code   RO         6736    .ARM.Collect$$_printf_percent$$00000007  c_w.l(_printf_ll.o)
    0x080002ba   0x080002ba   0x00000006   Code   RO         6727    .ARM.Collect$$_printf_percent$$00000008  c_w.l(_printf_i.o)
    0x080002c0   0x080002c0   0x00000006   Code   RO         6657    .ARM.Collect$$_printf_percent$$00000009  c_w.l(_printf_d.o)
    0x080002c6   0x080002c6   0x00000006   Code   RO         6658    .ARM.Collect$$_printf_percent$$0000000A  c_w.l(_printf_u.o)
    0x080002cc   0x080002cc   0x00000006   Code   RO         6726    .ARM.Collect$$_printf_percent$$0000000B  c_w.l(_printf_o.o)
    0x080002d2   0x080002d2   0x00000006   Code   RO         6656    .ARM.Collect$$_printf_percent$$0000000C  c_w.l(_printf_x.o)
    0x080002d8   0x080002d8   0x00000006   Code   RO         6733    .ARM.Collect$$_printf_percent$$0000000D  c_w.l(_printf_lli.o)
    0x080002de   0x080002de   0x00000006   Code   RO         6734    .ARM.Collect$$_printf_percent$$0000000E  c_w.l(_printf_lld.o)
    0x080002e4   0x080002e4   0x00000006   Code   RO         6735    .ARM.Collect$$_printf_percent$$0000000F  c_w.l(_printf_llu.o)
    0x080002ea   0x080002ea   0x00000006   Code   RO         6740    .ARM.Collect$$_printf_percent$$00000010  c_w.l(_printf_llo.o)
    0x080002f0   0x080002f0   0x00000006   Code   RO         6741    .ARM.Collect$$_printf_percent$$00000011  c_w.l(_printf_llx.o)
    0x080002f6   0x080002f6   0x0000000a   Code   RO         6737    .ARM.Collect$$_printf_percent$$00000012  c_w.l(_printf_l.o)
    0x08000300   0x08000300   0x00000006   Code   RO         6654    .ARM.Collect$$_printf_percent$$00000013  c_w.l(_printf_c.o)
    0x08000306   0x08000306   0x00000006   Code   RO         6655    .ARM.Collect$$_printf_percent$$00000014  c_w.l(_printf_s.o)
    0x0800030c   0x0800030c   0x00000006   Code   RO         6738    .ARM.Collect$$_printf_percent$$00000015  c_w.l(_printf_lc.o)
    0x08000312   0x08000312   0x00000006   Code   RO         6739    .ARM.Collect$$_printf_percent$$00000016  c_w.l(_printf_ls.o)
    0x08000318   0x08000318   0x00000004   Code   RO         6732    .ARM.Collect$$_printf_percent$$00000017  c_w.l(_printf_percent_end.o)
    0x0800031c   0x0800031c   0x00000002   Code   RO         6838    .ARM.Collect$$libinit$$00000000  c_w.l(libinit.o)
    0x0800031e   0x0800031e   0x00000004   Code   RO         6858    .ARM.Collect$$libinit$$00000001  c_w.l(libinit2.o)
    0x08000322   0x08000322   0x00000000   Code   RO         6861    .ARM.Collect$$libinit$$00000004  c_w.l(libinit2.o)
    0x08000322   0x08000322   0x00000000   Code   RO         6864    .ARM.Collect$$libinit$$0000000A  c_w.l(libinit2.o)
    0x08000322   0x08000322   0x00000000   Code   RO         6866    .ARM.Collect$$libinit$$0000000C  c_w.l(libinit2.o)
    0x08000322   0x08000322   0x00000000   Code   RO         6868    .ARM.Collect$$libinit$$0000000E  c_w.l(libinit2.o)
    0x08000322   0x08000322   0x00000006   Code   RO         6869    .ARM.Collect$$libinit$$0000000F  c_w.l(libinit2.o)
    0x08000328   0x08000328   0x00000000   Code   RO         6871    .ARM.Collect$$libinit$$00000011  c_w.l(libinit2.o)
    0x08000328   0x08000328   0x0000000c   Code   RO         6872    .ARM.Collect$$libinit$$00000012  c_w.l(libinit2.o)
    0x08000334   0x08000334   0x00000000   Code   RO         6873    .ARM.Collect$$libinit$$00000013  c_w.l(libinit2.o)
    0x08000334   0x08000334   0x00000000   Code   RO         6875    .ARM.Collect$$libinit$$00000015  c_w.l(libinit2.o)
    0x08000334   0x08000334   0x0000000a   Code   RO         6876    .ARM.Collect$$libinit$$00000016  c_w.l(libinit2.o)
    0x0800033e   0x0800033e   0x00000000   Code   RO         6877    .ARM.Collect$$libinit$$00000017  c_w.l(libinit2.o)
    0x0800033e   0x0800033e   0x00000000   Code   RO         6879    .ARM.Collect$$libinit$$00000019  c_w.l(libinit2.o)
    0x0800033e   0x0800033e   0x00000000   Code   RO         6881    .ARM.Collect$$libinit$$0000001B  c_w.l(libinit2.o)
    0x0800033e   0x0800033e   0x00000000   Code   RO         6883    .ARM.Collect$$libinit$$0000001D  c_w.l(libinit2.o)
    0x0800033e   0x0800033e   0x00000000   Code   RO         6885    .ARM.Collect$$libinit$$0000001F  c_w.l(libinit2.o)
    0x0800033e   0x0800033e   0x00000000   Code   RO         6887    .ARM.Collect$$libinit$$00000021  c_w.l(libinit2.o)
    0x0800033e   0x0800033e   0x00000000   Code   RO         6889    .ARM.Collect$$libinit$$00000023  c_w.l(libinit2.o)
    0x0800033e   0x0800033e   0x00000000   Code   RO         6891    .ARM.Collect$$libinit$$00000025  c_w.l(libinit2.o)
    0x0800033e   0x0800033e   0x00000000   Code   RO         6895    .ARM.Collect$$libinit$$0000002C  c_w.l(libinit2.o)
    0x0800033e   0x0800033e   0x00000000   Code   RO         6897    .ARM.Collect$$libinit$$0000002E  c_w.l(libinit2.o)
    0x0800033e   0x0800033e   0x00000000   Code   RO         6899    .ARM.Collect$$libinit$$00000030  c_w.l(libinit2.o)
    0x0800033e   0x0800033e   0x00000000   Code   RO         6901    .ARM.Collect$$libinit$$00000032  c_w.l(libinit2.o)
    0x0800033e   0x0800033e   0x00000002   Code   RO         6902    .ARM.Collect$$libinit$$00000033  c_w.l(libinit2.o)
    0x08000340   0x08000340   0x00000002   Code   RO         6933    .ARM.Collect$$libshutdown$$00000000  c_w.l(libshutdown.o)
    0x08000342   0x08000342   0x00000000   Code   RO         6959    .ARM.Collect$$libshutdown$$00000002  c_w.l(libshutdown2.o)
    0x08000342   0x08000342   0x00000000   Code   RO         6961    .ARM.Collect$$libshutdown$$00000004  c_w.l(libshutdown2.o)
    0x08000342   0x08000342   0x00000000   Code   RO         6964    .ARM.Collect$$libshutdown$$00000007  c_w.l(libshutdown2.o)
    0x08000342   0x08000342   0x00000000   Code   RO         6967    .ARM.Collect$$libshutdown$$0000000A  c_w.l(libshutdown2.o)
    0x08000342   0x08000342   0x00000000   Code   RO         6969    .ARM.Collect$$libshutdown$$0000000C  c_w.l(libshutdown2.o)
    0x08000342   0x08000342   0x00000000   Code   RO         6972    .ARM.Collect$$libshutdown$$0000000F  c_w.l(libshutdown2.o)
    0x08000342   0x08000342   0x00000002   Code   RO         6973    .ARM.Collect$$libshutdown$$00000010  c_w.l(libshutdown2.o)
    0x08000344   0x08000344   0x00000000   Code   RO         6694    .ARM.Collect$$rtentry$$00000000  c_w.l(__rtentry.o)
    0x08000344   0x08000344   0x00000000   Code   RO         6755    .ARM.Collect$$rtentry$$00000002  c_w.l(__rtentry2.o)
    0x08000344   0x08000344   0x00000006   Code   RO         6767    .ARM.Collect$$rtentry$$00000004  c_w.l(__rtentry4.o)
    0x0800034a   0x0800034a   0x00000000   Code   RO         6757    .ARM.Collect$$rtentry$$00000009  c_w.l(__rtentry2.o)
    0x0800034a   0x0800034a   0x00000004   Code   RO         6758    .ARM.Collect$$rtentry$$0000000A  c_w.l(__rtentry2.o)
    0x0800034e   0x0800034e   0x00000000   Code   RO         6760    .ARM.Collect$$rtentry$$0000000C  c_w.l(__rtentry2.o)
    0x0800034e   0x0800034e   0x00000008   Code   RO         6761    .ARM.Collect$$rtentry$$0000000D  c_w.l(__rtentry2.o)
    0x08000356   0x08000356   0x00000002   Code   RO         6847    .ARM.Collect$$rtexit$$00000000  c_w.l(rtexit.o)
    0x08000358   0x08000358   0x00000000   Code   RO         6906    .ARM.Collect$$rtexit$$00000002  c_w.l(rtexit2.o)
    0x08000358   0x08000358   0x00000004   Code   RO         6907    .ARM.Collect$$rtexit$$00000003  c_w.l(rtexit2.o)
    0x0800035c   0x0800035c   0x00000006   Code   RO         6908    .ARM.Collect$$rtexit$$00000004  c_w.l(rtexit2.o)
    0x08000362   0x08000362   0x00000002   PAD
    0x08000364   0x08000364   0x000000be   Code   RO         5484    .emb_text           port.o
    0x08000422   0x08000422   0x00000002   PAD
    0x08000424   0x08000424   0x00000040   Code   RO            4    .text               startup_stm32g431xx.o
    0x08000464   0x08000464   0x000000ee   Code   RO         6593    .text               c_w.l(lludivv7m.o)
    0x08000552   0x08000552   0x00000002   PAD
    0x08000554   0x08000554   0x00000034   Code   RO         6595    .text               c_w.l(vsnprintf.o)
    0x08000588   0x08000588   0x0000002c   Code   RO         6597    .text               c_w.l(__2sprintf.o)
    0x080005b4   0x080005b4   0x00000038   Code   RO         6599    .text               c_w.l(__2snprintf.o)
    0x080005ec   0x080005ec   0x0000004e   Code   RO         6607    .text               c_w.l(_printf_pad.o)
    0x0800063a   0x0800063a   0x00000052   Code   RO         6609    .text               c_w.l(_printf_str.o)
    0x0800068c   0x0800068c   0x00000078   Code   RO         6611    .text               c_w.l(_printf_dec.o)
    0x08000704   0x08000704   0x00000094   Code   RO         6631    .text               c_w.l(_printf_hex_int_ll_ptr.o)
    0x08000798   0x08000798   0x00000188   Code   RO         6651    .text               c_w.l(__printf_flags_ss_wp.o)
    0x08000920   0x08000920   0x0000003c   Code   RO         6660    .text               c_w.l(__0sscanf.o)
    0x0800095c   0x0800095c   0x000000e0   Code   RO         6662    .text               c_w.l(_scanf_str.o)
    0x08000a3c   0x08000a3c   0x00000024   Code   RO         6664    .text               c_w.l(strstr.o)
    0x08000a60   0x08000a60   0x00000048   Code   RO         6666    .text               c_w.l(strcpy.o)
    0x08000aa8   0x08000aa8   0x0000003e   Code   RO         6668    .text               c_w.l(strlen.o)
    0x08000ae6   0x08000ae6   0x00000096   Code   RO         6672    .text               c_w.l(strncmp.o)
    0x08000b7c   0x08000b7c   0x0000008a   Code   RO         6674    .text               c_w.l(rt_memcpy_v6.o)
    0x08000c06   0x08000c06   0x00000064   Code   RO         6676    .text               c_w.l(rt_memcpy_w.o)
    0x08000c6a   0x08000c6a   0x00000010   Code   RO         6680    .text               c_w.l(aeabi_memset.o)
    0x08000c7a   0x08000c7a   0x00000044   Code   RO         6682    .text               c_w.l(rt_memclr.o)
    0x08000cbe   0x08000cbe   0x0000004e   Code   RO         6684    .text               c_w.l(rt_memclr_w.o)
    0x08000d0c   0x08000d0c   0x00000080   Code   RO         6688    .text               c_w.l(strcmpv7m.o)
    0x08000d8c   0x08000d8c   0x00000006   Code   RO         6690    .text               c_w.l(heapauxi.o)
    0x08000d92   0x08000d92   0x00000024   Code   RO         6699    .text               c_w.l(_printf_truncate.o)
    0x08000db6   0x08000db6   0x000000b2   Code   RO         6701    .text               c_w.l(_printf_intcommon.o)
    0x08000e68   0x08000e68   0x00000028   Code   RO         6703    .text               c_w.l(_printf_charcount.o)
    0x08000e90   0x08000e90   0x00000030   Code   RO         6705    .text               c_w.l(_printf_char_common.o)
    0x08000ec0   0x08000ec0   0x0000000a   Code   RO         6707    .text               c_w.l(_sputc.o)
    0x08000eca   0x08000eca   0x00000010   Code   RO         6709    .text               c_w.l(_snputc.o)
    0x08000eda   0x08000eda   0x0000002c   Code   RO         6711    .text               c_w.l(_printf_char.o)
    0x08000f06   0x08000f06   0x00000002   PAD
    0x08000f08   0x08000f08   0x000000bc   Code   RO         6713    .text               c_w.l(_printf_wctomb.o)
    0x08000fc4   0x08000fc4   0x0000007c   Code   RO         6716    .text               c_w.l(_printf_longlong_dec.o)
    0x08001040   0x08001040   0x00000070   Code   RO         6722    .text               c_w.l(_printf_oct_int_ll.o)
    0x080010b0   0x080010b0   0x0000002c   Code   RO         6742    .text               c_w.l(scanf_char.o)
    0x080010dc   0x080010dc   0x00000040   Code   RO         6744    .text               c_w.l(_sgetc.o)
    0x0800111c   0x0800111c   0x0000008a   Code   RO         6771    .text               c_w.l(lludiv10.o)
    0x080011a6   0x080011a6   0x00000012   Code   RO         6773    .text               c_w.l(isspace.o)
    0x080011b8   0x080011b8   0x0000041e   Code   RO         6775    .text               c_w.l(_printf_fp_dec.o)
    0x080015d6   0x080015d6   0x00000002   PAD
    0x080015d8   0x080015d8   0x000002fc   Code   RO         6777    .text               c_w.l(_printf_fp_hex.o)
    0x080018d4   0x080018d4   0x0000002c   Code   RO         6782    .text               c_w.l(_printf_wchar.o)
    0x08001900   0x08001900   0x00000374   Code   RO         6784    .text               c_w.l(_scanf.o)
    0x08001c74   0x08001c74   0x00000040   Code   RO         6786    .text               c_w.l(_wcrtomb.o)
    0x08001cb4   0x08001cb4   0x0000004a   Code   RO         6788    .text               c_w.l(sys_stackheap_outer.o)
    0x08001cfe   0x08001cfe   0x00000002   PAD
    0x08001d00   0x08001d00   0x00000010   Code   RO         6790    .text               c_w.l(rt_ctype_table.o)
    0x08001d10   0x08001d10   0x00000008   Code   RO         6795    .text               c_w.l(rt_locale_intlibspace.o)
    0x08001d18   0x08001d18   0x00000080   Code   RO         6797    .text               c_w.l(_printf_fp_infnan.o)
    0x08001d98   0x08001d98   0x000000e4   Code   RO         6799    .text               c_w.l(bigflt0.o)
    0x08001e7c   0x08001e7c   0x00000012   Code   RO         6827    .text               c_w.l(exit.o)
    0x08001e8e   0x08001e8e   0x00000002   PAD
    0x08001e90   0x08001e90   0x00000008   Code   RO         6844    .text               c_w.l(libspace.o)
    0x08001e98   0x08001e98   0x0000000c   Code   RO         6903    .text               c_w.l(sys_exit.o)
    0x08001ea4   0x08001ea4   0x00000002   Code   RO         6922    .text               c_w.l(use_no_semi.o)
    0x08001ea6   0x08001ea6   0x00000000   Code   RO         6924    .text               c_w.l(indicate_semi.o)
    0x08001ea6   0x08001ea6   0x0000003e   Code   RO         6802    CL$$btod_d2e        c_w.l(btod.o)
    0x08001ee4   0x08001ee4   0x00000046   Code   RO         6804    CL$$btod_d2e_denorm_low  c_w.l(btod.o)
    0x08001f2a   0x08001f2a   0x00000060   Code   RO         6803    CL$$btod_d2e_norm_op1  c_w.l(btod.o)
    0x08001f8a   0x08001f8a   0x00000338   Code   RO         6812    CL$$btod_div_common  c_w.l(btod.o)
    0x080022c2   0x080022c2   0x000000dc   Code   RO         6809    CL$$btod_e2e        c_w.l(btod.o)
    0x0800239e   0x0800239e   0x0000002a   Code   RO         6806    CL$$btod_ediv       c_w.l(btod.o)
    0x080023c8   0x080023c8   0x0000002a   Code   RO         6805    CL$$btod_emul       c_w.l(btod.o)
    0x080023f2   0x080023f2   0x00000244   Code   RO         6811    CL$$btod_mult_common  c_w.l(btod.o)
    0x08002636   0x08002636   0x00000002   Code   RO          468    i.BusFault_Handler  stm32g4xx_it.o
    0x08002638   0x08002638   0x0000000c   Code   RO          469    i.DMA1_Channel1_IRQHandler  stm32g4xx_it.o
    0x08002644   0x08002644   0x00000048   Code   RO         1443    i.DMA_CalcDMAMUXChannelBaseAndMask  stm32g4xx_hal_dma.o
    0x0800268c   0x0800268c   0x00000028   Code   RO         1444    i.DMA_CalcDMAMUXRequestGenBaseAndMask  stm32g4xx_hal_dma.o
    0x080026b4   0x080026b4   0x0000003e   Code   RO         1445    i.DMA_SetConfig     stm32g4xx_hal_dma.o
    0x080026f2   0x080026f2   0x00000002   Code   RO          470    i.DebugMon_Handler  stm32g4xx_it.o
    0x080026f4   0x080026f4   0x0000001c   Code   RO         5710    i.Delay_LCD         lcd.o
    0x08002710   0x08002710   0x00000004   Code   RO           13    i.Error_Handler     main.o
    0x08002714   0x08002714   0x00000070   Code   RO         1446    i.HAL_DMA_Abort     stm32g4xx_hal_dma.o
    0x08002784   0x08002784   0x00000078   Code   RO         1447    i.HAL_DMA_Abort_IT  stm32g4xx_hal_dma.o
    0x080027fc   0x080027fc   0x000000ba   Code   RO         1451    i.HAL_DMA_IRQHandler  stm32g4xx_hal_dma.o
    0x080028b6   0x080028b6   0x00000002   PAD
    0x080028b8   0x080028b8   0x000000c4   Code   RO         1452    i.HAL_DMA_Init      stm32g4xx_hal_dma.o
    0x0800297c   0x0800297c   0x0000008c   Code   RO         1456    i.HAL_DMA_Start_IT  stm32g4xx_hal_dma.o
    0x08002a08   0x08002a08   0x00000024   Code   RO          599    i.HAL_Delay         stm32g4xx_hal.o
    0x08002a2c   0x08002a2c   0x00000234   Code   RO         1308    i.HAL_GPIO_Init     stm32g4xx_hal_gpio.o
    0x08002c60   0x08002c60   0x0000000a   Code   RO         1310    i.HAL_GPIO_ReadPin  stm32g4xx_hal_gpio.o
    0x08002c6a   0x08002c6a   0x0000000a   Code   RO         1312    i.HAL_GPIO_WritePin  stm32g4xx_hal_gpio.o
    0x08002c74   0x08002c74   0x0000000c   Code   RO          603    i.HAL_GetTick       stm32g4xx_hal.o
    0x08002c80   0x08002c80   0x00000010   Code   RO          609    i.HAL_IncTick       stm32g4xx_hal.o
    0x08002c90   0x08002c90   0x0000001e   Code   RO          610    i.HAL_Init          stm32g4xx_hal.o
    0x08002cae   0x08002cae   0x00000002   PAD
    0x08002cb0   0x08002cb0   0x00000044   Code   RO          611    i.HAL_InitTick      stm32g4xx_hal.o
    0x08002cf4   0x08002cf4   0x0000004c   Code   RO          568    i.HAL_MspInit       stm32g4xx_hal_msp.o
    0x08002d40   0x08002d40   0x0000001a   Code   RO         1957    i.HAL_NVIC_EnableIRQ  stm32g4xx_hal_cortex.o
    0x08002d5a   0x08002d5a   0x00000002   PAD
    0x08002d5c   0x08002d5c   0x00000040   Code   RO         1963    i.HAL_NVIC_SetPriority  stm32g4xx_hal_cortex.o
    0x08002d9c   0x08002d9c   0x00000024   Code   RO         1964    i.HAL_NVIC_SetPriorityGrouping  stm32g4xx_hal_cortex.o
    0x08002dc0   0x08002dc0   0x000000bc   Code   RO         1711    i.HAL_PWREx_ControlVoltageScaling  stm32g4xx_hal_pwr_ex.o
    0x08002e7c   0x08002e7c   0x00000010   Code   RO         1723    i.HAL_PWREx_DisableUCPDDeadBattery  stm32g4xx_hal_pwr_ex.o
    0x08002e8c   0x08002e8c   0x00000058   Code   RO         1742    i.HAL_PWREx_PVD_PVM_IRQHandler  stm32g4xx_hal_pwr_ex.o
    0x08002ee4   0x08002ee4   0x00000002   Code   RO         1743    i.HAL_PWREx_PVM1Callback  stm32g4xx_hal_pwr_ex.o
    0x08002ee6   0x08002ee6   0x00000002   Code   RO         1744    i.HAL_PWREx_PVM2Callback  stm32g4xx_hal_pwr_ex.o
    0x08002ee8   0x08002ee8   0x00000002   Code   RO         1745    i.HAL_PWREx_PVM3Callback  stm32g4xx_hal_pwr_ex.o
    0x08002eea   0x08002eea   0x00000002   Code   RO         1746    i.HAL_PWREx_PVM4Callback  stm32g4xx_hal_pwr_ex.o
    0x08002eec   0x08002eec   0x00000002   Code   RO         1611    i.HAL_PWR_PVDCallback  stm32g4xx_hal_pwr.o
    0x08002eee   0x08002eee   0x00000002   PAD
    0x08002ef0   0x08002ef0   0x00000288   Code   RO          970    i.HAL_RCCEx_PeriphCLKConfig  stm32g4xx_hal_rcc_ex.o
    0x08003178   0x08003178   0x000001dc   Code   RO          845    i.HAL_RCC_ClockConfig  stm32g4xx_hal_rcc.o
    0x08003354   0x08003354   0x00000024   Code   RO          853    i.HAL_RCC_GetPCLK1Freq  stm32g4xx_hal_rcc.o
    0x08003378   0x08003378   0x00000024   Code   RO          854    i.HAL_RCC_GetPCLK2Freq  stm32g4xx_hal_rcc.o
    0x0800339c   0x0800339c   0x0000006c   Code   RO          855    i.HAL_RCC_GetSysClockFreq  stm32g4xx_hal_rcc.o
    0x08003408   0x08003408   0x00000404   Code   RO          858    i.HAL_RCC_OscConfig  stm32g4xx_hal_rcc.o
    0x0800380c   0x0800380c   0x00000028   Code   RO         1968    i.HAL_SYSTICK_Config  stm32g4xx_hal_cortex.o
    0x08003834   0x08003834   0x00000002   Code   RO         2813    i.HAL_TIMEx_Break2Callback  stm32g4xx_hal_tim_ex.o
    0x08003836   0x08003836   0x00000002   Code   RO         2814    i.HAL_TIMEx_BreakCallback  stm32g4xx_hal_tim_ex.o
    0x08003838   0x08003838   0x00000002   Code   RO         2815    i.HAL_TIMEx_CommutCallback  stm32g4xx_hal_tim_ex.o
    0x0800383a   0x0800383a   0x00000002   Code   RO         2826    i.HAL_TIMEx_DirectionChangeCallback  stm32g4xx_hal_tim_ex.o
    0x0800383c   0x0800383c   0x00000002   Code   RO         2840    i.HAL_TIMEx_EncoderIndexCallback  stm32g4xx_hal_tim_ex.o
    0x0800383e   0x0800383e   0x00000002   Code   RO         2854    i.HAL_TIMEx_IndexErrorCallback  stm32g4xx_hal_tim_ex.o
    0x08003840   0x08003840   0x0000009c   Code   RO         2855    i.HAL_TIMEx_MasterConfigSynchronization  stm32g4xx_hal_tim_ex.o
    0x080038dc   0x080038dc   0x00000002   Code   RO         2876    i.HAL_TIMEx_TransitionErrorCallback  stm32g4xx_hal_tim_ex.o
    0x080038de   0x080038de   0x00000062   Code   RO         2099    i.HAL_TIM_Base_Init  stm32g4xx_hal_tim.o
    0x08003940   0x08003940   0x00000088   Code   RO          344    i.HAL_TIM_Base_MspInit  tim.o
    0x080039c8   0x080039c8   0x00000078   Code   RO         2104    i.HAL_TIM_Base_Start_IT  stm32g4xx_hal_tim.o
    0x08003a40   0x08003a40   0x00000100   Code   RO         2108    i.HAL_TIM_ConfigClockSource  stm32g4xx_hal_tim.o
    0x08003b40   0x08003b40   0x00000002   Code   RO         2133    i.HAL_TIM_IC_CaptureCallback  stm32g4xx_hal_tim.o
    0x08003b42   0x08003b42   0x000001a2   Code   RO         2147    i.HAL_TIM_IRQHandler  stm32g4xx_hal_tim.o
    0x08003ce4   0x08003ce4   0x0000004c   Code   RO          345    i.HAL_TIM_MspPostInit  tim.o
    0x08003d30   0x08003d30   0x00000002   Code   RO         2150    i.HAL_TIM_OC_DelayElapsedCallback  stm32g4xx_hal_tim.o
    0x08003d32   0x08003d32   0x00000124   Code   RO         2171    i.HAL_TIM_PWM_ConfigChannel  stm32g4xx_hal_tim.o
    0x08003e56   0x08003e56   0x00000062   Code   RO         2174    i.HAL_TIM_PWM_Init  stm32g4xx_hal_tim.o
    0x08003eb8   0x08003eb8   0x00000002   Code   RO         2176    i.HAL_TIM_PWM_MspInit  stm32g4xx_hal_tim.o
    0x08003eba   0x08003eba   0x00000002   Code   RO         2177    i.HAL_TIM_PWM_PulseFinishedCallback  stm32g4xx_hal_tim.o
    0x08003ebc   0x08003ebc   0x000000fc   Code   RO         2179    i.HAL_TIM_PWM_Start  stm32g4xx_hal_tim.o
    0x08003fb8   0x08003fb8   0x00000064   Code   RO          346    i.HAL_TIM_PeriodElapsedCallback  tim.o
    0x0800401c   0x0800401c   0x00000002   Code   RO         2190    i.HAL_TIM_TriggerCallback  stm32g4xx_hal_tim.o
    0x0800401e   0x0800401e   0x0000003e   Code   RO         3662    i.HAL_UARTEx_DisableFifoMode  stm32g4xx_hal_uart_ex.o
    0x0800405c   0x0800405c   0x0000004a   Code   RO         3668    i.HAL_UARTEx_ReceiveToIdle_DMA  stm32g4xx_hal_uart_ex.o
    0x080040a6   0x080040a6   0x00000002   PAD
    0x080040a8   0x080040a8   0x00000050   Code   RO          410    i.HAL_UARTEx_RxEventCallback  usart.o
    0x080040f8   0x080040f8   0x00000002   Code   RO         3670    i.HAL_UARTEx_RxFifoFullCallback  stm32g4xx_hal_uart_ex.o
    0x080040fa   0x080040fa   0x0000004c   Code   RO         3671    i.HAL_UARTEx_SetRxFifoThreshold  stm32g4xx_hal_uart_ex.o
    0x08004146   0x08004146   0x0000004c   Code   RO         3672    i.HAL_UARTEx_SetTxFifoThreshold  stm32g4xx_hal_uart_ex.o
    0x08004192   0x08004192   0x00000002   Code   RO         3674    i.HAL_UARTEx_TxFifoEmptyCallback  stm32g4xx_hal_uart_ex.o
    0x08004194   0x08004194   0x00000002   Code   RO         3675    i.HAL_UARTEx_WakeupCallback  stm32g4xx_hal_uart_ex.o
    0x08004196   0x08004196   0x00000002   Code   RO         3267    i.HAL_UART_ErrorCallback  stm32g4xx_hal_uart.o
    0x08004198   0x08004198   0x0000031c   Code   RO         3270    i.HAL_UART_IRQHandler  stm32g4xx_hal_uart.o
    0x080044b4   0x080044b4   0x0000006a   Code   RO         3271    i.HAL_UART_Init     stm32g4xx_hal_uart.o
    0x0800451e   0x0800451e   0x00000002   PAD
    0x08004520   0x08004520   0x000000c0   Code   RO          412    i.HAL_UART_MspInit  usart.o
    0x080045e0   0x080045e0   0x00000002   Code   RO         3278    i.HAL_UART_RxCpltCallback  stm32g4xx_hal_uart.o
    0x080045e2   0x080045e2   0x00000002   Code   RO         3279    i.HAL_UART_RxHalfCpltCallback  stm32g4xx_hal_uart.o
    0x080045e4   0x080045e4   0x000000b6   Code   RO         3280    i.HAL_UART_Transmit  stm32g4xx_hal_uart.o
    0x0800469a   0x0800469a   0x00000002   Code   RO          413    i.HAL_UART_TxCpltCallback  usart.o
    0x0800469c   0x0800469c   0x00000002   Code   RO          471    i.HardFault_Handler  stm32g4xx_it.o
    0x0800469e   0x0800469e   0x00000002   PAD
    0x080046a0   0x080046a0   0x0000000c   Code   RO         5924    i.Key_Init          bsp_key.o
    0x080046ac   0x080046ac   0x000000c8   Code   RO         5925    i.Key_Scan          bsp_key.o
    0x08004774   0x08004774   0x00000004   Code   RO         5615    i.Key_Task_Init     key_task.o
    0x08004778   0x08004778   0x0000002c   Code   RO         5711    i.LCD_BusIn         lcd.o
    0x080047a4   0x080047a4   0x00000030   Code   RO         5712    i.LCD_BusOut        lcd.o
    0x080047d4   0x080047d4   0x00000024   Code   RO         5713    i.LCD_Clear         lcd.o
    0x080047f8   0x080047f8   0x00000090   Code   RO         5715    i.LCD_CtrlLinesConfig  lcd.o
    0x08004888   0x08004888   0x00000018   Code   RO         5716    i.LCD_DisplayChar   lcd.o
    0x080048a0   0x080048a0   0x0000002a   Code   RO         5720    i.LCD_DisplayStringLine  lcd.o
    0x080048ca   0x080048ca   0x00000002   PAD
    0x080048cc   0x080048cc   0x00000058   Code   RO         5721    i.LCD_DrawChar      lcd.o
    0x08004924   0x08004924   0x00000034   Code   RO         5727    i.LCD_Init          lcd.o
    0x08004958   0x08004958   0x00000080   Code   RO         5730    i.LCD_ReadReg       lcd.o
    0x080049d8   0x080049d8   0x00000010   Code   RO         5731    i.LCD_SetBackColor  lcd.o
    0x080049e8   0x080049e8   0x00000018   Code   RO         5732    i.LCD_SetCursor     lcd.o
    0x08004a00   0x08004a00   0x00000010   Code   RO         5734    i.LCD_SetTextColor  lcd.o
    0x08004a10   0x08004a10   0x00000058   Code   RO         5737    i.LCD_WriteRAM      lcd.o
    0x08004a68   0x08004a68   0x0000005c   Code   RO         5738    i.LCD_WriteRAM_Prepare  lcd.o
    0x08004ac4   0x08004ac4   0x0000006c   Code   RO         5739    i.LCD_WriteReg      lcd.o
    0x08004b30   0x08004b30   0x00000022   Code   RO         5970    i.Led_Init          bsp_led.o
    0x08004b52   0x08004b52   0x00000014   Code   RO         5971    i.Led_Off           bsp_led.o
    0x08004b66   0x08004b66   0x00000014   Code   RO         5972    i.Led_On            bsp_led.o
    0x08004b7a   0x08004b7a   0x00000002   PAD
    0x08004b7c   0x08004b7c   0x0000003c   Code   RO          319    i.MX_DMA_Init       dma.o
    0x08004bb8   0x08004bb8   0x00000030   Code   RO          273    i.MX_FREERTOS_Init  app_freertos.o
    0x08004be8   0x08004be8   0x000000d4   Code   RO          249    i.MX_GPIO_Init      gpio.o
    0x08004cbc   0x08004cbc   0x00000098   Code   RO          347    i.MX_TIM2_Init      tim.o
    0x08004d54   0x08004d54   0x00000048   Code   RO          348    i.MX_TIM6_Init      tim.o
    0x08004d9c   0x08004d9c   0x00000048   Code   RO          349    i.MX_TIM7_Init      tim.o
    0x08004de4   0x08004de4   0x00000068   Code   RO          414    i.MX_USART1_UART_Init  usart.o
    0x08004e4c   0x08004e4c   0x00000002   Code   RO          472    i.MemManage_Handler  stm32g4xx_it.o
    0x08004e4e   0x08004e4e   0x00000002   Code   RO          473    i.NMI_Handler       stm32g4xx_it.o
    0x08004e50   0x08004e50   0x00000004   Code   RO          474    i.PVD_PVM_IRQHandler  stm32g4xx_it.o
    0x08004e54   0x08004e54   0x00000080   Code   RO         5564    i.Password_init     screen_task.o
    0x08004ed4   0x08004ed4   0x0000000c   Code   RO         5645    i.Pwm_Task_Init     pwm_task.o
    0x08004ee0   0x08004ee0   0x00000112   Code   RO         5740    i.REG_8230_Init     lcd.o
    0x08004ff2   0x08004ff2   0x00000202   Code   RO         5741    i.REG_932X_Init     lcd.o
    0x080051f4   0x080051f4   0x000004a4   Code   RO         5565    i.Screen_Task       screen_task.o
    0x08005698   0x08005698   0x00000090   Code   RO         5566    i.Screen_Task_Init  screen_task.o
    0x08005728   0x08005728   0x00000004   Code   RO         5678    i.Serial_Task_Init  serial_task.o
    0x0800572c   0x0800572c   0x00000080   Code   RO         5567    i.Set_Pwm           screen_task.o
    0x080057ac   0x080057ac   0x00000008   Code   RO          274    i.StartDefaultTask  app_freertos.o
    0x080057b4   0x080057b4   0x00000018   Code   RO          475    i.SysTick_Handler   stm32g4xx_it.o
    0x080057cc   0x080057cc   0x00000068   Code   RO           14    i.SystemClock_Config  main.o
    0x08005834   0x08005834   0x00000010   Code   RO         3781    i.SystemInit        system_stm32g4xx.o
    0x08005844   0x08005844   0x0000000c   Code   RO          476    i.TIM2_IRQHandler   stm32g4xx_it.o
    0x08005850   0x08005850   0x0000000c   Code   RO          477    i.TIM6_DAC_IRQHandler  stm32g4xx_it.o
    0x0800585c   0x0800585c   0x0000000c   Code   RO          478    i.TIM7_IRQHandler   stm32g4xx_it.o
    0x08005868   0x08005868   0x000000b8   Code   RO         2192    i.TIM_Base_SetConfig  stm32g4xx_hal_tim.o
    0x08005920   0x08005920   0x0000001a   Code   RO         2193    i.TIM_CCxChannelCmd  stm32g4xx_hal_tim.o
    0x0800593a   0x0800593a   0x00000014   Code   RO         2203    i.TIM_ETR_SetConfig  stm32g4xx_hal_tim.o
    0x0800594e   0x0800594e   0x00000002   PAD
    0x08005950   0x08005950   0x00000014   Code   RO         2204    i.TIM_ITRx_SetConfig  stm32g4xx_hal_tim.o
    0x08005964   0x08005964   0x000000a4   Code   RO         2205    i.TIM_OC1_SetConfig  stm32g4xx_hal_tim.o
    0x08005a08   0x08005a08   0x00000094   Code   RO         2206    i.TIM_OC2_SetConfig  stm32g4xx_hal_tim.o
    0x08005a9c   0x08005a9c   0x00000094   Code   RO         2207    i.TIM_OC3_SetConfig  stm32g4xx_hal_tim.o
    0x08005b30   0x08005b30   0x00000094   Code   RO         2208    i.TIM_OC4_SetConfig  stm32g4xx_hal_tim.o
    0x08005bc4   0x08005bc4   0x00000070   Code   RO         2209    i.TIM_OC5_SetConfig  stm32g4xx_hal_tim.o
    0x08005c34   0x08005c34   0x00000070   Code   RO         2210    i.TIM_OC6_SetConfig  stm32g4xx_hal_tim.o
    0x08005ca4   0x08005ca4   0x0000005c   Code   RO         2212    i.TIM_TI1_ConfigInputStage  stm32g4xx_hal_tim.o
    0x08005d00   0x08005d00   0x00000040   Code   RO         2214    i.TIM_TI2_ConfigInputStage  stm32g4xx_hal_tim.o
    0x08005d40   0x08005d40   0x00000044   Code   RO         3676    i.UARTEx_SetNbDataToProcess  stm32g4xx_hal_uart_ex.o
    0x08005d84   0x08005d84   0x000000c8   Code   RO         3285    i.UART_AdvFeatureConfig  stm32g4xx_hal_uart.o
    0x08005e4c   0x08005e4c   0x000000ac   Code   RO         3286    i.UART_CheckIdleState  stm32g4xx_hal_uart.o
    0x08005ef8   0x08005ef8   0x0000000a   Code   RO         3287    i.UART_DMAAbortOnError  stm32g4xx_hal_uart.o
    0x08005f02   0x08005f02   0x00000044   Code   RO         3288    i.UART_DMAError     stm32g4xx_hal_uart.o
    0x08005f46   0x08005f46   0x000000a0   Code   RO         3289    i.UART_DMAReceiveCplt  stm32g4xx_hal_uart.o
    0x08005fe6   0x08005fe6   0x0000003c   Code   RO         3291    i.UART_DMARxHalfCplt  stm32g4xx_hal_uart.o
    0x08006022   0x08006022   0x00000002   PAD
    0x08006024   0x08006024   0x00000054   Code   RO         3297    i.UART_EndRxTransfer  stm32g4xx_hal_uart.o
    0x08006078   0x08006078   0x0000002e   Code   RO         3298    i.UART_EndTxTransfer  stm32g4xx_hal_uart.o
    0x080060a6   0x080060a6   0x00000002   PAD
    0x080060a8   0x080060a8   0x00000274   Code   RO         3303    i.UART_SetConfig    stm32g4xx_hal_uart.o
    0x0800631c   0x0800631c   0x000000a8   Code   RO         3304    i.UART_Start_Receive_DMA  stm32g4xx_hal_uart.o
    0x080063c4   0x080063c4   0x00000094   Code   RO         3310    i.UART_WaitOnFlagUntilTimeout  stm32g4xx_hal_uart.o
    0x08006458   0x08006458   0x0000000c   Code   RO          479    i.USART1_IRQHandler  stm32g4xx_it.o
    0x08006464   0x08006464   0x00000014   Code   RO         6012    i.Uart_Init         bsp_uart.o
    0x08006478   0x08006478   0x00000002   Code   RO          480    i.UsageFault_Handler  stm32g4xx_it.o
    0x0800647a   0x0800647a   0x00000030   Code   RO         6842    i.__ARM_fpclassify  m_wm.l(fpclassify.o)
    0x080064aa   0x080064aa   0x00000020   Code   RO         1970    i.__NVIC_SetPriority  stm32g4xx_hal_cortex.o
    0x080064ca   0x080064ca   0x0000000e   Code   RO         6644    i._is_digit         c_w.l(__printf_wp.o)
    0x080064d8   0x080064d8   0x000000fc   Code   RO         6118    i.elog_get_filter_tag_lvl  elog.o
    0x080065d4   0x080065d4   0x00000068   Code   RO         6122    i.elog_init         elog.o
    0x0800663c   0x0800663c   0x000003b0   Code   RO         6123    i.elog_output       elog.o
    0x080069ec   0x080069ec   0x00000020   Code   RO         6124    i.elog_output_lock  elog.o
    0x08006a0c   0x08006a0c   0x0000002c   Code   RO         6125    i.elog_output_lock_enabled  elog.o
    0x08006a38   0x08006a38   0x00000020   Code   RO         6126    i.elog_output_unlock  elog.o
    0x08006a58   0x08006a58   0x00000008   Code   RO         6037    i.elog_port_get_p_info  elog_port.o
    0x08006a60   0x08006a60   0x00000008   Code   RO         6038    i.elog_port_get_t_info  elog_port.o
    0x08006a68   0x08006a68   0x00000020   Code   RO         6039    i.elog_port_get_time  elog_port.o
    0x08006a88   0x08006a88   0x00000004   Code   RO         6040    i.elog_port_init    elog_port.o
    0x08006a8c   0x08006a8c   0x00000014   Code   RO         6041    i.elog_port_output  elog_port.o
    0x08006aa0   0x08006aa0   0x00000004   Code   RO         6042    i.elog_port_output_lock  elog_port.o
    0x08006aa4   0x08006aa4   0x00000004   Code   RO         6043    i.elog_port_output_unlock  elog_port.o
    0x08006aa8   0x08006aa8   0x000000bc   Code   RO         6130    i.elog_set_filter_lvl  elog.o
    0x08006b64   0x08006b64   0x000000c4   Code   RO         6133    i.elog_set_fmt      elog.o
    0x08006c28   0x08006c28   0x00000094   Code   RO         6136    i.elog_start        elog.o
    0x08006cbc   0x08006cbc   0x000000fc   Code   RO         6285    i.elog_strcpy       elog_utils.o
    0x08006db8   0x08006db8   0x000000cc   Code   RO         6138    i.get_fmt_enabled   elog.o
    0x08006e84   0x08006e84   0x00000012   Code   RO         6139    i.get_fmt_used_and_enabled_ptr  elog.o
    0x08006e96   0x08006e96   0x00000012   Code   RO         6140    i.get_fmt_used_and_enabled_u32  elog.o
    0x08006ea8   0x08006ea8   0x00000084   Code   RO           15    i.main              main.o
    0x08006f2c   0x08006f2c   0x0000001a   Code   RO         4926    i.osDelay           cmsis_os2.o
    0x08006f46   0x08006f46   0x00000002   PAD
    0x08006f48   0x08006f48   0x00000024   Code   RO         4940    i.osKernelInitialize  cmsis_os2.o
    0x08006f6c   0x08006f6c   0x00000038   Code   RO         4943    i.osKernelStart     cmsis_os2.o
    0x08006fa4   0x08006fa4   0x0000008a   Code   RO         4985    i.osThreadNew       cmsis_os2.o
    0x0800702e   0x0800702e   0x00000002   PAD
    0x08007030   0x08007030   0x0000005c   Code   RO         4389    i.prvAddCurrentTaskToDelayedList  tasks.o
    0x0800708c   0x0800708c   0x000000d0   Code   RO         4390    i.prvAddNewTaskToReadyList  tasks.o
    0x0800715c   0x0800715c   0x00000058   Code   RO         4754    i.prvCheckForValidListAndQueue  timers.o
    0x080071b4   0x080071b4   0x00000026   Code   RO         3986    i.prvCopyDataFromQueue  queue.o
    0x080071da   0x080071da   0x0000006c   Code   RO         3987    i.prvCopyDataToQueue  queue.o
    0x08007246   0x08007246   0x00000034   Code   RO         4391    i.prvDeleteTCB      tasks.o
    0x0800727a   0x0800727a   0x00000002   PAD
    0x0800727c   0x0800727c   0x0000004c   Code   RO         5429    i.prvHeapInit       heap_4.o
    0x080072c8   0x080072c8   0x00000060   Code   RO         4392    i.prvIdleTask       tasks.o
    0x08007328   0x08007328   0x00000022   Code   RO         3989    i.prvInitialiseNewQueue  queue.o
    0x0800734a   0x0800734a   0x00000002   PAD
    0x0800734c   0x0800734c   0x000000b0   Code   RO         4393    i.prvInitialiseNewTask  tasks.o
    0x080073fc   0x080073fc   0x0000004c   Code   RO         5430    i.prvInsertBlockIntoFreeList  heap_4.o
    0x08007448   0x08007448   0x00000038   Code   RO         4756    i.prvInsertTimerInActiveList  timers.o
    0x08007480   0x08007480   0x0000001c   Code   RO         3990    i.prvIsQueueEmpty   queue.o
    0x0800749c   0x0800749c   0x000000fc   Code   RO         4757    i.prvProcessReceivedCommands  timers.o
    0x08007598   0x08007598   0x000000c0   Code   RO         4758    i.prvProcessTimerOrBlockTask  timers.o
    0x08007658   0x08007658   0x00000020   Code   RO         4395    i.prvResetNextTaskUnblockTime  tasks.o
    0x08007678   0x08007678   0x00000028   Code   RO         4759    i.prvSampleTimeNow  timers.o
    0x080076a0   0x080076a0   0x0000006c   Code   RO         4760    i.prvSwitchTimerLists  timers.o
    0x0800770c   0x0800770c   0x00000028   Code   RO         5485    i.prvTaskExitError  port.o
    0x08007734   0x08007734   0x00000024   Code   RO         4761    i.prvTimerTask      timers.o
    0x08007758   0x08007758   0x0000006a   Code   RO         3991    i.prvUnlockQueue    queue.o
    0x080077c2   0x080077c2   0x00000002   PAD
    0x080077c4   0x080077c4   0x000000dc   Code   RO         5431    i.pvPortMalloc      heap_4.o
    0x080078a0   0x080078a0   0x0000002c   Code   RO         5486    i.pxPortInitialiseStack  port.o
    0x080078cc   0x080078cc   0x00000026   Code   RO         3946    i.uxListRemove      list.o
    0x080078f2   0x080078f2   0x00000002   PAD
    0x080078f4   0x080078f4   0x00000014   Code   RO         4997    i.vApplicationGetIdleTaskMemory  cmsis_os2.o
    0x08007908   0x08007908   0x00000018   Code   RO         4998    i.vApplicationGetTimerTaskMemory  cmsis_os2.o
    0x08007920   0x08007920   0x00000016   Code   RO         3947    i.vListInitialise   list.o
    0x08007936   0x08007936   0x00000006   Code   RO         3948    i.vListInitialiseItem  list.o
    0x0800793c   0x0800793c   0x00000030   Code   RO         3949    i.vListInsert       list.o
    0x0800796c   0x0800796c   0x00000018   Code   RO         3950    i.vListInsertEnd    list.o
    0x08007984   0x08007984   0x00000040   Code   RO         5488    i.vPortEnterCritical  port.o
    0x080079c4   0x080079c4   0x00000028   Code   RO         5489    i.vPortExitCritical  port.o
    0x080079ec   0x080079ec   0x00000064   Code   RO         5432    i.vPortFree         heap_4.o
    0x08007a50   0x08007a50   0x00000024   Code   RO         5490    i.vPortSetupTimerInterrupt  port.o
    0x08007a74   0x08007a74   0x00000054   Code   RO         5491    i.vPortValidateInterruptPriority  port.o
    0x08007ac8   0x08007ac8   0x00000028   Code   RO         3997    i.vQueueAddToRegistry  queue.o
    0x08007af0   0x08007af0   0x00000044   Code   RO         4001    i.vQueueWaitForMessageRestricted  queue.o
    0x08007b34   0x08007b34   0x0000004c   Code   RO         4408    i.vTaskDelay        tasks.o
    0x08007b80   0x08007b80   0x00000010   Code   RO         4413    i.vTaskInternalSetTimeOutState  tasks.o
    0x08007b90   0x08007b90   0x0000000c   Code   RO         4414    i.vTaskMissedYield  tasks.o
    0x08007b9c   0x08007b9c   0x00000030   Code   RO         4416    i.vTaskPlaceOnEventList  tasks.o
    0x08007bcc   0x08007bcc   0x00000038   Code   RO         4417    i.vTaskPlaceOnEventListRestricted  tasks.o
    0x08007c04   0x08007c04   0x00000088   Code   RO         4425    i.vTaskStartScheduler  tasks.o
    0x08007c8c   0x08007c8c   0x00000010   Code   RO         4427    i.vTaskSuspendAll   tasks.o
    0x08007c9c   0x08007c9c   0x00000064   Code   RO         4428    i.vTaskSwitchContext  tasks.o
    0x08007d00   0x08007d00   0x000000f4   Code   RO         5492    i.xPortStartScheduler  port.o
    0x08007df4   0x08007df4   0x0000002c   Code   RO         5493    i.xPortSysTickHandler  port.o
    0x08007e20   0x08007e20   0x00000066   Code   RO         4007    i.xQueueGenericCreateStatic  queue.o
    0x08007e86   0x08007e86   0x00000002   PAD
    0x08007e88   0x08007e88   0x00000088   Code   RO         4008    i.xQueueGenericReset  queue.o
    0x08007f10   0x08007f10   0x00000160   Code   RO         4009    i.xQueueGenericSend  queue.o
    0x08008070   0x08008070   0x000000be   Code   RO         4010    i.xQueueGenericSendFromISR  queue.o
    0x0800812e   0x0800812e   0x00000002   PAD
    0x08008130   0x08008130   0x00000138   Code   RO         4019    i.xQueueReceive     queue.o
    0x08008268   0x08008268   0x00000074   Code   RO         4430    i.xTaskCheckForTimeOut  tasks.o
    0x080082dc   0x080082dc   0x0000005a   Code   RO         4431    i.xTaskCreate       tasks.o
    0x08008336   0x08008336   0x00000056   Code   RO         4432    i.xTaskCreateStatic  tasks.o
    0x0800838c   0x0800838c   0x0000001c   Code   RO         4436    i.xTaskGetSchedulerState  tasks.o
    0x080083a8   0x080083a8   0x0000000c   Code   RO         4437    i.xTaskGetTickCount  tasks.o
    0x080083b4   0x080083b4   0x000000c8   Code   RO         4439    i.xTaskIncrementTick  tasks.o
    0x0800847c   0x0800847c   0x00000080   Code   RO         4442    i.xTaskPriorityDisinherit  tasks.o
    0x080084fc   0x080084fc   0x00000070   Code   RO         4444    i.xTaskRemoveFromEventList  tasks.o
    0x0800856c   0x0800856c   0x000000c4   Code   RO         4445    i.xTaskResumeAll    tasks.o
    0x08008630   0x08008630   0x00000060   Code   RO         4770    i.xTimerCreateTimerTask  timers.o
    0x08008690   0x08008690   0x00000068   Code   RO         4771    i.xTimerGenericCommand  timers.o
    0x080086f8   0x080086f8   0x0000002c   Code   RO         6825    locale$$code        c_w.l(lc_numeric_c.o)
    0x08008724   0x08008724   0x0000002c   Code   RO         6852    locale$$code        c_w.l(lc_ctype_c.o)
    0x08008750   0x08008750   0x0000000a   Code   RO         6918    x$fpl$fpinit        fz_wm.l(fpinit.o)
    0x0800875a   0x0800875a   0x00000004   Code   RO         6746    x$fpl$printf1       fz_wm.l(printf1.o)
    0x0800875e   0x0800875e   0x00000004   Code   RO         6748    x$fpl$printf2       fz_wm.l(printf2.o)
    0x08008762   0x08008762   0x00000000   Code   RO         6841    x$fpl$usenofp       fz_wm.l(usenofp.o)
    0x08008762   0x08008762   0x00000002   PAD
    0x08008764   0x08008764   0x00000024   Data   RO          275    .constdata          app_freertos.o
    0x08008788   0x08008788   0x00000018   Data   RO         3311    .constdata          stm32g4xx_hal_uart.o
    0x080087a0   0x080087a0   0x00000010   Data   RO         3677    .constdata          stm32g4xx_hal_uart_ex.o
    0x080087b0   0x080087b0   0x00000010   Data   RO         3782    .constdata          system_stm32g4xx.o
    0x080087c0   0x080087c0   0x00000008   Data   RO         3783    .constdata          system_stm32g4xx.o
    0x080087c8   0x080087c8   0x00000025   Data   RO         5569    .constdata          screen_task.o
    0x080087ed   0x080087ed   0x00000001   PAD
    0x080087ee   0x080087ee   0x000011d0   Data   RO         5742    .constdata          lcd.o
    0x080099be   0x080099be   0x000000e2   Data   RO         6142    .constdata          elog.o
    0x08009aa0   0x08009aa0   0x00000023   Data   RO         6286    .constdata          elog_utils.o
    0x08009ac3   0x08009ac3   0x00000028   Data   RO         6632    .constdata          c_w.l(_printf_hex_int_ll_ptr.o)
    0x08009aeb   0x08009aeb   0x00000011   Data   RO         6652    .constdata          c_w.l(__printf_flags_ss_wp.o)
    0x08009afc   0x08009afc   0x00000008   Data   RO         6714    .constdata          c_w.l(_printf_wctomb.o)
    0x08009b04   0x08009b04   0x00000026   Data   RO         6778    .constdata          c_w.l(_printf_fp_hex.o)
    0x08009b2a   0x08009b2a   0x00000002   PAD
    0x08009b2c   0x08009b2c   0x00000094   Data   RO         6800    .constdata          c_w.l(bigflt0.o)
    0x08009bc0   0x08009bc0   0x0000000c   Data   RO          276    .conststring        app_freertos.o
    0x08009bcc   0x08009bcc   0x00000046   Data   RO         6143    .conststring        elog.o
    0x08009c12   0x08009c12   0x00000002   PAD
    0x08009c14   0x08009c14   0x00000020   Data   RO         6974    Region$$Table       anon$$obj.o
    0x08009c34   0x08009c34   0x0000001c   Data   RO         6824    locale$$data        c_w.l(lc_numeric_c.o)
    0x08009c50   0x08009c50   0x00000110   Data   RO         6851    locale$$data        c_w.l(lc_ctype_c.o)


    Execution Region RW_IRAM1 (Exec base: 0x20000000, Load base: 0x08009d60, Size: 0x000041c0, Max: 0x00008000, ABSOLUTE, COMPRESSED[0x00000070])

    Exec Addr    Load Addr    Size         Type   Attr      Idx    E Section Name        Object

    0x20000000   COMPRESSED   0x00000004   Data   RW          277    .data               app_freertos.o
    0x20000004   COMPRESSED   0x00000004   Data   RW          351    .data               tim.o
    0x20000008   COMPRESSED   0x00000002   Data   RW          416    .data               usart.o
    0x2000000a   COMPRESSED   0x00000002   PAD
    0x2000000c   COMPRESSED   0x0000000c   Data   RW          630    .data               stm32g4xx_hal.o
    0x20000018   COMPRESSED   0x00000004   Data   RW         3784    .data               system_stm32g4xx.o
    0x2000001c   COMPRESSED   0x0000003c   Data   RW         4448    .data               tasks.o
    0x20000058   COMPRESSED   0x00000014   Data   RW         4779    .data               timers.o
    0x2000006c   COMPRESSED   0x00000004   Data   RW         5000    .data               cmsis_os2.o
    0x20000070   COMPRESSED   0x00000020   Data   RW         5438    .data               heap_4.o
    0x20000090   COMPRESSED   0x0000000c   Data   RW         5494    .data               port.o
    0x2000009c   COMPRESSED   0x00000010   Data   RW         5570    .data               screen_task.o
    0x200000ac   COMPRESSED   0x00000006   Data   RW         5743    .data               lcd.o
    0x200000b2   COMPRESSED   0x00000002   PAD
    0x200000b4   COMPRESSED   0x00000070   Data   RW         5926    .data               bsp_key.o
    0x20000124   COMPRESSED   0x00000040   Data   RW         5973    .data               bsp_led.o
    0x20000164   COMPRESSED   0x00000034   Data   RW         6144    .data               elog.o
    0x20000198        -       0x000000e4   Zero   RW          350    .bss                tim.o
    0x2000027c        -       0x000002f4   Zero   RW          415    .bss                usart.o
    0x20000570        -       0x00000040   Zero   RW         4023    .bss                queue.o
    0x200005b0        -       0x000004c4   Zero   RW         4447    .bss                tasks.o
    0x20000a74        -       0x00000118   Zero   RW         4778    .bss                timers.o
    0x20000b8c        -       0x000006b8   Zero   RW         4999    .bss                cmsis_os2.o
    0x20001244        -       0x00002000   Zero   RW         5437    .bss                heap_4.o
    0x20003244        -       0x00000014   Zero   RW         5568    .bss                screen_task.o
    0x20003258        -       0x00000010   Zero   RW         6044    .bss                elog_port.o
    0x20003268        -       0x000008f8   Zero   RW         6141    .bss                elog.o
    0x20003b60        -       0x00000060   Zero   RW         6845    .bss                c_w.l(libspace.o)
    0x20003bc0        -       0x00000200   Zero   RW            2    HEAP                startup_stm32g431xx.o
    0x20003dc0        -       0x00000400   Zero   RW            1    STACK               startup_stm32g431xx.o


==============================================================================

Image component sizes


      Code (inc. data)   RO Data    RW Data    ZI Data      Debug   Object Name

        56         14         48          4          0       1797   app_freertos.o
       212         12          0        112          0       2703   bsp_key.o
        74          0          0         64          0       2739   bsp_led.o
        20          8          0          0          0        436   bsp_uart.o
       300         22          0          4       1720      61677   cmsis_os2.o
        60          4          0          0          0        802   dma.o
      2180        788        296         52       2296      17697   elog.o
        80         24          0          0         16       4353   elog_port.o
       252        104         35          0          0       2753   elog_utils.o
         0          0          0          0          0      19424   event_groups.o
       212         18          0          0          0       1007   gpio.o
       472         24          0         32       8192       4835   heap_4.o
         4          0          0          0          0        444   key_task.o
      1766         78       4560          6          0      11370   lcd.o
       138          0          0          0          0       3510   list.o
       240         10          0          0          0     668568   main.o
       786         82          0         12          0      11441   port.o
        12          4          0          0          0        444   pwm_task.o
      1514         20          0          0         64      17344   queue.o
      1588        550         37         16         20       4360   screen_task.o
         4          0          0          0          0        459   serial_task.o
        64         26        472          0       1536        840   startup_stm32g431xx.o
       162         24          0         12          0       4285   stm32g4xx_hal.o
       198         14          0          0          0      33799   stm32g4xx_hal_cortex.o
       928         30          0          0          0       6646   stm32g4xx_hal_dma.o
       584         32          0          0          0       2951   stm32g4xx_hal_gpio.o
        76          6          0          0          0        870   stm32g4xx_hal_msp.o
         2          0          0          0          0        522   stm32g4xx_hal_pwr.o
       300         24          0          0          0       4200   stm32g4xx_hal_pwr_ex.o
      1684         88          0          0          0       6260   stm32g4xx_hal_rcc.o
       648         10          0          0          0       1888   stm32g4xx_hal_rcc_ex.o
      2782        288          0          0          0      18662   stm32g4xx_hal_tim.o
       170         24          0          0          0       5380   stm32g4xx_hal_tim_ex.o
      2834         98         24          0          0      34182   stm32g4xx_hal_uart.o
       362          6         16          0          0       6237   stm32g4xx_hal_uart_ex.o
       100         30          0          0          0       6069   stm32g4xx_it.o
         0          0          0          0          0        392   stream_buffer.o
        16          4         24          4          0       1115   system_stm32g4xx.o
      2084        168          0         60       1220      26772   tasks.o
       608         66          0          4        228       4366   tim.o
       972         80          0         20        280      29559   timers.o
       378         42          0          2        756       3254   usart.o

    ----------------------------------------------------------------------
     24964       2822       5547        408      16328    1036412   Object Totals
         0          0         32          0          0          0   (incl. Generated)
        42          0          3          4          0          0   (incl. Padding)

    ----------------------------------------------------------------------

      Code (inc. data)   RO Data    RW Data    ZI Data      Debug   Library Member Name

        60          8          0          0          0         84   __0sscanf.o
        56          6          0          0          0         88   __2snprintf.o
        44          6          0          0          0         84   __2sprintf.o
        90          0          0          0          0          0   __dczerorl2.o
         8          0          0          0          0         68   __main.o
       392          4         17          0          0         92   __printf_flags_ss_wp.o
        14          0          0          0          0         68   __printf_wp.o
         0          0          0          0          0          0   __rtentry.o
        12          0          0          0          0          0   __rtentry2.o
         6          0          0          0          0          0   __rtentry4.o
        52          8          0          0          0          0   __scatter.o
        28          0          0          0          0          0   __scatter_zi.o
         6          0          0          0          0          0   _printf_a.o
         6          0          0          0          0          0   _printf_c.o
        44          0          0          0          0        108   _printf_char.o
        48          6          0          0          0         96   _printf_char_common.o
        40          0          0          0          0         68   _printf_charcount.o
         6          0          0          0          0          0   _printf_d.o
       120         16          0          0          0         92   _printf_dec.o
         6          0          0          0          0          0   _printf_e.o
         6          0          0          0          0          0   _printf_f.o
      1054          0          0          0          0        216   _printf_fp_dec.o
       764          8         38          0          0        100   _printf_fp_hex.o
       128         16          0          0          0         84   _printf_fp_infnan.o
         6          0          0          0          0          0   _printf_g.o
       148          4         40          0          0        160   _printf_hex_int_ll_ptr.o
         6          0          0          0          0          0   _printf_i.o
       178          0          0          0          0         88   _printf_intcommon.o
        10          0          0          0          0          0   _printf_l.o
         6          0          0          0          0          0   _printf_lc.o
        10          0          0          0          0          0   _printf_ll.o
         6          0          0          0          0          0   _printf_lld.o
         6          0          0          0          0          0   _printf_lli.o
         6          0          0          0          0          0   _printf_llo.o
         6          0          0          0          0          0   _printf_llu.o
         6          0          0          0          0          0   _printf_llx.o
       124         16          0          0          0         92   _printf_longlong_dec.o
         6          0          0          0          0          0   _printf_ls.o
         6          0          0          0          0          0   _printf_n.o
         6          0          0          0          0          0   _printf_o.o
       112         10          0          0          0        124   _printf_oct_int_ll.o
         6          0          0          0          0          0   _printf_p.o
        78          0          0          0          0        108   _printf_pad.o
         0          0          0          0          0          0   _printf_percent.o
         4          0          0          0          0          0   _printf_percent_end.o
         6          0          0          0          0          0   _printf_s.o
        82          0          0          0          0         80   _printf_str.o
        36          0          0          0          0         84   _printf_truncate.o
         6          0          0          0          0          0   _printf_u.o
        44          0          0          0          0        108   _printf_wchar.o
       188          6          8          0          0         92   _printf_wctomb.o
         6          0          0          0          0          0   _printf_x.o
       884          6          0          0          0        100   _scanf.o
       224          0          0          0          0         96   _scanf_str.o
        64          0          0          0          0         84   _sgetc.o
        16          0          0          0          0         68   _snputc.o
        10          0          0          0          0         68   _sputc.o
        64          0          0          0          0         92   _wcrtomb.o
        16          0          0          0          0         68   aeabi_memset.o
       228          4        148          0          0         96   bigflt0.o
      1936        128          0          0          0        672   btod.o
        18          0          0          0          0         80   exit.o
         6          0          0          0          0        152   heapauxi.o
         0          0          0          0          0          0   indicate_semi.o
        18          0          0          0          0         76   isspace.o
        44         10        272          0          0         76   lc_ctype_c.o
        44         10         28          0          0         76   lc_numeric_c.o
         2          0          0          0          0          0   libinit.o
        34          0          0          0          0          0   libinit2.o
         2          0          0          0          0          0   libshutdown.o
         2          0          0          0          0          0   libshutdown2.o
         8          4          0          0         96         68   libspace.o
       138          0          0          0          0         80   lludiv10.o
       238          0          0          0          0        100   lludivv7m.o
        16          4          0          0          0         76   rt_ctype_table.o
         8          4          0          0          0         68   rt_locale_intlibspace.o
        68          0          0          0          0         68   rt_memclr.o
        78          0          0          0          0         80   rt_memclr_w.o
       138          0          0          0          0         68   rt_memcpy_v6.o
       100          0          0          0          0         80   rt_memcpy_w.o
         2          0          0          0          0          0   rtexit.o
        10          0          0          0          0          0   rtexit2.o
        44          8          0          0          0         84   scanf_char.o
       128          0          0          0          0         68   strcmpv7m.o
        72          0          0          0          0         80   strcpy.o
        62          0          0          0          0         76   strlen.o
       150          0          0          0          0         80   strncmp.o
        36          0          0          0          0         80   strstr.o
        12          4          0          0          0         68   sys_exit.o
        74          0          0          0          0         80   sys_stackheap_outer.o
         2          0          0          0          0         68   use_no_semi.o
        52          4          0          0          0         80   vsnprintf.o
        10          0          0          0          0        116   fpinit.o
         4          0          0          0          0        116   printf1.o
         4          0          0          0          0        116   printf2.o
         0          0          0          0          0          0   usenofp.o
        48          0          0          0          0        124   fpclassify.o

    ----------------------------------------------------------------------
      9224        300        553          0         96       5912   Library Totals
        16          0          2          0          0          0   (incl. Padding)

    ----------------------------------------------------------------------

      Code (inc. data)   RO Data    RW Data    ZI Data      Debug   Library Name

      9142        300        551          0         96       5440   c_w.l
        18          0          0          0          0        348   fz_wm.l
        48          0          0          0          0        124   m_wm.l

    ----------------------------------------------------------------------
      9224        300        553          0         96       5912   Library Totals

    ----------------------------------------------------------------------

==============================================================================


      Code (inc. data)   RO Data    RW Data    ZI Data      Debug   

     34188       3122       6100        408      16424    1015456   Grand Totals
     34188       3122       6100        112      16424    1015456   ELF Image Totals (compressed)
     34188       3122       6100        112          0          0   ROM Totals

==============================================================================

    Total RO  Size (Code + RO Data)                40288 (  39.34kB)
    Total RW  Size (RW Data + ZI Data)             16832 (  16.44kB)
    Total ROM Size (Code + RO Data + RW Data)      40400 (  39.45kB)

==============================================================================

