<html>
<body>
<pre>
<h1>µVision Build Log</h1>
<h2>Tool Versions:</h2>
IDE-Version: ¦ÌVision V5.43.1.0
Copyright (C) 2025 ARM Ltd and ARM Germany GmbH. All rights reserved.
License Information: 1 3081795804@qq.com, 1, LIC=9WSKC-7HBXA-12QLE-5TU1R-NS04D-2ZYKU
 
Tool Versions:
Toolchain:       MDK-ARM Plus  Version: 5.43.0.0
Toolchain Path:  C:\Keil_v5\ARM\ARMCC\Bin
C Compiler:      Armcc.exe V5.06 update 5 (build 528)
Assembler:       Armasm.exe V5.06 update 5 (build 528)
Linker/Locator:  ArmLink.exe V5.06 update 5 (build 528)
Library Manager: ArmAr.exe V5.06 update 5 (build 528)
Hex Converter:   FromElf.exe V5.06 update 5 (build 528)
CPU DLL:         SARMCM3.DLL V5.43.0.0
Dialog DLL:      DCM.DLL V1.17.5.0
Target DLL:      CMSIS_AGDI.dll V1.33.24.0
Dialog DLL:      TCM.DLL V1.56.6.0
 
<h2>Project:</h2>
E:\MCU\À¶ÇÅ±­\freertos-test\MDK-ARM\freertos-test.uvprojx
Project File Date:  02/21/2026

<h2>Output:</h2>
*** Using Compiler 'V5.06 update 5 (build 528)', folder: 'C:\Keil_v5\ARM\ARMCC\Bin'
Build target 'freertos-test'
compiling pwm_task.c...
compiling stm32g4xx_hal_msp.c...
compiling dma.c...
compiling led.c...
compiling stm32g4xx_it.c...
compiling main.c...
compiling screen_task.c...
compiling key_task.c...
compiling elog_port.c...
compiling key.c...
..\BSP\Src\key.c(126): warning:  #188-D: enumerated type mixed with another type
                      key[i].judge = 1;
..\BSP\Src\key.c(133): warning:  #188-D: enumerated type mixed with another type
                      key[i].judge = 2;   
..\BSP\Src\key.c(137): warning:  #188-D: enumerated type mixed with another type
                      key[i].judge = 0;
..\BSP\Src\key.c(145): warning:  #188-D: enumerated type mixed with another type
                   key[i].judge = 0;
..\BSP\Src\key.c: 4 warnings, 0 errors
compiling app_freertos.c...
../Core/Src/app_freertos.c(81): warning:  #223-D: function "Serial_Task_Init" declared implicitly
  	Serial_Task_Init();
../Core/Src/app_freertos.c: 1 warning, 0 errors
compiling usart.c...
compiling serial_task.c...
compiling gpio.c...
compiling tim.c...
compiling lcd.c...
linking...
Program Size: Code=33990 RO-data=6210 RW-data=408 ZI-data=16168  
FromELF: creating hex file...
"freertos-test\freertos-test.axf" - 0 Error(s), 5 Warning(s).

<h2>Software Packages used:</h2>

Package Vendor: ARM
                http://www.keil.com/pack/ARM.CMSIS.5.0.1.pack
                ARM::CMSIS@5.0.1
                CMSIS (Cortex Microcontroller Software Interface Standard)
   * Component: CORE Version: 5.0.1

Package Vendor: Keil
                http://www.keil.com/pack/Keil.STM32G4xx_DFP.1.4.0.pack
                Keil::STM32G4xx_DFP@1.4.0
                STMicroelectronics STM32G4 Series Device Support, Drivers and Examples

<h2>Collection of Component include folders:</h2>
  ./RTE/_freertos-test
  C:/Keil_v5/ARM/PACK/ARM/CMSIS/5.0.1/CMSIS/Include
  C:/Keil_v5/ARM/PACK/Keil/STM32G4xx_DFP/1.4.0/Drivers/CMSIS/Device/ST/STM32G4xx/Include

<h2>Collection of Component Files used:</h2>

   * Component: ARM::CMSIS:CORE@5.0.1
Build Time Elapsed:  00:00:07
</pre>
</body>
</html>
