<html>
<body>
<pre>
<h1>µVision Build Log</h1>
<h2>Tool Versions:</h2>
IDE-Version: ¦ÌVision V5.43.1.0
Copyright (C) 2025 ARM Ltd and ARM Germany GmbH. All rights reserved.
License Information: 1 3081795804@qq.com, 1, LIC=9WSKC-7HBXA-12QLE-5TU1R-NS04D-2ZYKU
 
Tool Versions:
Toolchain:       MDK-ARM Plus  Version: 5.43.0.0
Toolchain Path:  C:\Keil_v5\ARM\ARMCC\Bin
C Compiler:      Armcc.exe V5.06 update 5 (build 528)
Assembler:       Armasm.exe V5.06 update 5 (build 528)
Linker/Locator:  ArmLink.exe V5.06 update 5 (build 528)
Library Manager: ArmAr.exe V5.06 update 5 (build 528)
Hex Converter:   FromElf.exe V5.06 update 5 (build 528)
CPU DLL:         SARMCM3.DLL V5.43.0.0
Dialog DLL:      DCM.DLL V1.17.5.0
Target DLL:      CMSIS_AGDI.dll V1.33.24.0
Dialog DLL:      TCM.DLL V1.56.6.0
 
<h2>Project:</h2>
E:\MCU\lanqiaobei\freertos-test\MDK-ARM\freertos-test.uvprojx
Project File Date:  02/23/2026

<h2>Output:</h2>
*** Using Compiler 'V5.06 update 5 (build 528)', folder: 'C:\Keil_v5\ARM\ARMCC\Bin'
Rebuild target 'freertos-test'
assembling startup_stm32g431xx.s...
compiling stm32g4xx_hal_flash_ramfunc.c...
compiling stm32g4xx_hal_flash.c...
compiling stm32g4xx_hal_exti.c...
compiling stm32g4xx_hal_gpio.c...
compiling stm32g4xx_hal.c...
compiling stm32g4xx_hal_rcc.c...
compiling stm32g4xx_hal_flash_ex.c...
compiling tim.c...
compiling stm32g4xx_hal_rcc_ex.c...
compiling stm32g4xx_hal_msp.c...
compiling main.c...
compiling gpio.c...
compiling dma.c...
compiling usart.c...
compiling stm32g4xx_it.c...
compiling app_freertos.c...
compiling croutine.c...
compiling list.c...
compiling event_groups.c...
compiling stream_buffer.c...
compiling queue.c...
compiling tasks.c...
compiling timers.c...
compiling heap_4.c...
compiling port.c...
compiling stm32g4xx_hal_dma.c...
compiling stm32g4xx_hal_uart_ex.c...
compiling stm32g4xx_hal_dma_ex.c...
compiling stm32g4xx_hal_pwr.c...
compiling stm32g4xx_hal_cortex.c...
compiling system_stm32g4xx.c...
compiling stm32g4xx_hal_pwr_ex.c...
compiling stm32g4xx_hal_tim_ex.c...
compiling elog_utils.c...
compiling elog.c...
compiling key_task.c...
compiling elog_async.c...
compiling pwm_task.c...
compiling screen_task.c...
compiling serial_task.c...
compiling cmsis_os2.c...
compiling elog_buf.c...
compiling lcd.c...
compiling stm32g4xx_hal_uart.c...
compiling SEGGER_RTT_printf.c...
compiling SEGGER_RTT.c...
compiling stm32g4xx_hal_tim.c...
compiling bsp_led.c...
compiling bsp_key.c...
..\BSP\Src\bsp_key.c(143): warning:  #188-D: enumerated type mixed with another type
                      key[i].judge = 1;
..\BSP\Src\bsp_key.c(150): warning:  #188-D: enumerated type mixed with another type
                      key[i].judge = 2;   
..\BSP\Src\bsp_key.c(154): warning:  #188-D: enumerated type mixed with another type
                      key[i].judge = 0;
..\BSP\Src\bsp_key.c(162): warning:  #188-D: enumerated type mixed with another type
                   key[i].judge = 0;
..\BSP\Src\bsp_key.c: 4 warnings, 0 errors
compiling bsp_uart.c...
compiling elog_port.c...
linking...
Program Size: Code=34484 RO-data=6140 RW-data=412 ZI-data=16172  
FromELF: creating hex file...
"freertos-test\freertos-test.axf" - 0 Error(s), 4 Warning(s).

<h2>Software Packages used:</h2>

Package Vendor: ARM
                http://www.keil.com/pack/ARM.CMSIS.5.0.1.pack
                ARM::CMSIS@5.0.1
                CMSIS (Cortex Microcontroller Software Interface Standard)
   * Component: CORE Version: 5.0.1

Package Vendor: Keil
                http://www.keil.com/pack/Keil.STM32G4xx_DFP.1.4.0.pack
                Keil::STM32G4xx_DFP@1.4.0
                STMicroelectronics STM32G4 Series Device Support, Drivers and Examples

<h2>Collection of Component include folders:</h2>
  ./RTE/_freertos-test
  C:/Keil_v5/ARM/PACK/ARM/CMSIS/5.0.1/CMSIS/Include
  C:/Keil_v5/ARM/PACK/Keil/STM32G4xx_DFP/1.4.0/Drivers/CMSIS/Device/ST/STM32G4xx/Include

<h2>Collection of Component Files used:</h2>

   * Component: ARM::CMSIS:CORE@5.0.1
Build Time Elapsed:  00:00:10
</pre>
</body>
</html>
